<html>
<body>
<pre>
<h1>µVision Build Log</h1>
<h2>Tool Versions:</h2>
IDE-Version: µVision V5.31.0.0
Copyright (C) 2020 ARM Ltd and ARM Germany GmbH. All rights reserved.
License Information: na Microsoft, Microsoft, LIC=9WS45-G2AI3-QB0EE-5JV4K-C4LUF-YASIX
 
Tool Versions:
Toolchain:       MDK-ARM Plus  Version: 5.31.0.0
Toolchain Path:  C:\Keil_v5\ARM\ARMCC\Bin
C Compiler:      Armcc.exe V5.06 update 6 (build 750)
Assembler:       Armasm.exe V5.06 update 6 (build 750)
Linker/Locator:  ArmLink.exe V5.06 update 6 (build 750)
Library Manager: ArmAr.exe V5.06 update 6 (build 750)
Hex Converter:   FromElf.exe V5.06 update 6 (build 750)
CPU DLL:         
Dialog DLL:      
Target DLL:      Segger\JL2CM3.dll V2.99.38.0
Dialog DLL:      TCM.DLL V1.46.0.0
 
<h2>Project:</h2>
C:\Users\Dell Pricision 351o\Desktop\Code\nRF5_SDK_17.0.2_d674dde\examples\ble_peripheral\nrf5-ble-tutorial-characteristic-master\pca10040\s132\arm5_no_packs\nrf52-ble-tutorial-characteristic.uvprojx
Project File Date:  06/03/2021

<h2>Output:</h2>
*** Using Compiler 'V5.06 update 6 (build 750)', folder: 'C:\Keil_v5\ARM\ARMCC\Bin'
Build target 'nrf52832_xxaa'
compiling our_service.c...
..\..\..\our_service.c(12): warning:  #177-D: variable "p_our_service"  was declared but never referenced
    	ble_os_t * p_our_service =(ble_os_t *) p_context;  
..\..\..\our_service.c: 1 warning, 0 errors
linking...
Program Size: Code=40324 RO-data=1420 RW-data=300 ZI-data=11084  
FromELF: creating hex file...
".\_build\nrf52832_xxaa.axf" - 0 Error(s), 1 Warning(s).

<h2>Software Packages used:</h2>

Package Vendor: ARM
                http://www.keil.com/pack/ARM.CMSIS.4.5.0.pack
                ARM.CMSIS.4.5.0
                CMSIS (Cortex Microcontroller Software Interface Standard)
   * Component: CORE Version: 4.3.0

Package Vendor: NordicSemiconductor
                http://developer.nordicsemi.com/nRF5_SDK/pieces/nRF_DeviceFamilyPack/NordicSemiconductor.nRF_DeviceFamilyPack.8.38.0.pack
                NordicSemiconductor.nRF_DeviceFamilyPack.8.38.0
                Nordic Semiconductor nRF ARM devices Device Family Pack with BSD license.
   * Component: Startup Version: 8.38.0
   * Component: StartupConfig Version: 8.38.0

<h2>Collection of Component include folders:</h2>
  .\RTE\Device\nRF52832_xxAA
  .\RTE\_nrf52832_xxaa
  C:\Users\Dell Pricision 351o\AppData\Local\Arm\Packs\ARM\CMSIS\4.5.0\CMSIS\Include
  C:\Users\Dell Pricision 351o\AppData\Local\Arm\Packs\NordicSemiconductor\nRF_DeviceFamilyPack\8.38.0\Device\Include

<h2>Collection of Component Files used:</h2>

   * Component: ARM::CMSIS:CORE:4.3.0

   * Component: NordicSemiconductor::Device:Startup:8.38.0
      Source file:   Device\Source\system_nrf52.c
      Source file:   Device\Source\arm\arm_startup_nrf52.s
      Include file:  Device\Include\system_nrf52.h
      Include file:  Device\Include\system_nrf.h

   * Component: NordicSemiconductor::Device:StartupConfig:8.38.0
      Include file:  Device\Source\startup_config.h
Build Time Elapsed:  00:00:03
</pre>
</body>
</html>
