Component: ARM Compiler 5.06 update 6 (build 750) Tool: armlink [4d35ed]

==============================================================================

Section Cross References

    main.o(i.ADE9153aSend) refers to our_service.o(i.value_characteristic_update) for value_characteristic_update
    main.o(i.ADE9153aSend) refers to main.o(.bss) for m_our_service
    main.o(i.advertising_init) refers to memseta.o(.text) for __aeabi_memclr4
    main.o(i.advertising_init) refers to ble_advertising.o(i.ble_advertising_init) for ble_advertising_init
    main.o(i.advertising_init) refers to app_error_handler_keil.o(.emb_text) for app_error_handler
    main.o(i.advertising_init) refers to ble_advertising.o(i.ble_advertising_conn_cfg_tag_set) for ble_advertising_conn_cfg_tag_set
    main.o(i.advertising_init) refers to main.o(.data) for m_adv_uuids
    main.o(i.advertising_init) refers to main.o(i.on_adv_evt) for on_adv_evt
    main.o(i.advertising_init) refers to main.o(.bss) for m_advertising
    main.o(i.advertising_start) refers to main.o(i.delete_bonds) for delete_bonds
    main.o(i.advertising_start) refers to ble_advertising.o(i.ble_advertising_start) for ble_advertising_start
    main.o(i.advertising_start) refers to app_error_handler_keil.o(.emb_text) for app_error_handler
    main.o(i.advertising_start) refers to main.o(.bss) for m_advertising
    main.o(i.assert_nrf_callback) refers to app_error_handler_keil.o(.emb_text) for app_error_handler
    main.o(i.ble_evt_handler) refers to bsp.o(i.bsp_indication_set) for bsp_indication_set
    main.o(i.ble_evt_handler) refers to app_error_handler_keil.o(.emb_text) for app_error_handler
    main.o(i.ble_evt_handler) refers to nrf_ble_qwr.o(i.nrf_ble_qwr_conn_handle_assign) for nrf_ble_qwr_conn_handle_assign
    main.o(i.ble_evt_handler) refers to main.o(.data) for m_conn_handle
    main.o(i.ble_evt_handler) refers to main.o(.bss) for m_qwr
    main.o(i.ble_stack_init) refers to nrf_sdh.o(i.nrf_sdh_enable_request) for nrf_sdh_enable_request
    main.o(i.ble_stack_init) refers to app_error_handler_keil.o(.emb_text) for app_error_handler
    main.o(i.ble_stack_init) refers to nrf_sdh_ble.o(i.nrf_sdh_ble_default_cfg_set) for nrf_sdh_ble_default_cfg_set
    main.o(i.ble_stack_init) refers to nrf_sdh_ble.o(i.nrf_sdh_ble_enable) for nrf_sdh_ble_enable
    main.o(i.bsp_event_handler) refers to main.o(i.sleep_mode_enter) for sleep_mode_enter
    main.o(i.bsp_event_handler) refers to app_error_handler_keil.o(.emb_text) for app_error_handler
    main.o(i.bsp_event_handler) refers to ble_advertising.o(i.ble_advertising_restart_without_whitelist) for ble_advertising_restart_without_whitelist
    main.o(i.bsp_event_handler) refers to main.o(.data) for m_conn_handle
    main.o(i.bsp_event_handler) refers to main.o(.bss) for m_advertising
    main.o(i.buttons_leds_init) refers to bsp.o(i.bsp_init) for bsp_init
    main.o(i.buttons_leds_init) refers to app_error_handler_keil.o(.emb_text) for app_error_handler
    main.o(i.buttons_leds_init) refers to bsp_btn_ble.o(i.bsp_btn_ble_init) for bsp_btn_ble_init
    main.o(i.buttons_leds_init) refers to main.o(i.bsp_event_handler) for bsp_event_handler
    main.o(i.conn_params_error_handler) refers to app_error_handler_keil.o(.emb_text) for app_error_handler
    main.o(i.conn_params_init) refers to memseta.o(.text) for __aeabi_memclr4
    main.o(i.conn_params_init) refers to ble_conn_params.o(i.ble_conn_params_init) for ble_conn_params_init
    main.o(i.conn_params_init) refers to app_error_handler_keil.o(.emb_text) for app_error_handler
    main.o(i.conn_params_init) refers to main.o(i.on_conn_params_evt) for on_conn_params_evt
    main.o(i.conn_params_init) refers to main.o(i.conn_params_error_handler) for conn_params_error_handler
    main.o(i.delete_bonds) refers to peer_manager.o(i.pm_peers_delete) for pm_peers_delete
    main.o(i.delete_bonds) refers to app_error_handler_keil.o(.emb_text) for app_error_handler
    main.o(i.gap_params_init) refers to app_error_handler_keil.o(.emb_text) for app_error_handler
    main.o(i.gatt_init) refers to nrf_ble_gatt.o(i.nrf_ble_gatt_init) for nrf_ble_gatt_init
    main.o(i.gatt_init) refers to app_error_handler_keil.o(.emb_text) for app_error_handler
    main.o(i.gatt_init) refers to main.o(.bss) for m_gatt
    main.o(i.idle_state_handle) refers to nrf_pwr_mgmt.o(i.nrf_pwr_mgmt_run) for nrf_pwr_mgmt_run
    main.o(i.log_init) refers to app_error_handler_keil.o(.emb_text) for app_error_handler
    main.o(i.main) refers to main.o(i.log_init) for log_init
    main.o(i.main) refers to main.o(i.timers_init) for timers_init
    main.o(i.main) refers to main.o(i.buttons_leds_init) for buttons_leds_init
    main.o(i.main) refers to main.o(i.power_management_init) for power_management_init
    main.o(i.main) refers to main.o(i.ble_stack_init) for ble_stack_init
    main.o(i.main) refers to main.o(i.gap_params_init) for gap_params_init
    main.o(i.main) refers to main.o(i.gatt_init) for gatt_init
[...]
    nrf_atomic_u32_or                        0x0002b29b   Thumb Code    22  nrf_atomic.o(i.nrf_atomic_u32_or)
    nrf_atomic_u32_sub                       0x0002b2b1   Thumb Code    22  nrf_atomic.o(i.nrf_atomic_u32_sub)
    nrf_ble_gatt_init                        0x0002b2dd   Thumb Code    52  nrf_ble_gatt.o(i.nrf_ble_gatt_init)
    nrf_ble_gatt_on_ble_evt                  0x0002b311   Thumb Code   174  nrf_ble_gatt.o(i.nrf_ble_gatt_on_ble_evt)
    nrf_ble_qwr_conn_handle_assign           0x0002b3bf   Thumb Code    32  nrf_ble_qwr.o(i.nrf_ble_qwr_conn_handle_assign)
    nrf_ble_qwr_init                         0x0002b3df   Thumb Code    50  nrf_ble_qwr.o(i.nrf_ble_qwr_init)
    nrf_ble_qwr_on_ble_evt                   0x0002b411   Thumb Code   124  nrf_ble_qwr.o(i.nrf_ble_qwr_on_ble_evt)
    nrf_fstorage_erase                       0x0002b4bd   Thumb Code   108  nrf_fstorage.o(i.nrf_fstorage_erase)
    nrf_fstorage_init                        0x0002b529   Thumb Code    42  nrf_fstorage.o(i.nrf_fstorage_init)
    nrf_fstorage_sdh_req_handler             0x0002b555   Thumb Code    22  nrf_fstorage_sd.o(i.nrf_fstorage_sdh_req_handler)
    nrf_fstorage_sdh_state_handler           0x0002b571   Thumb Code    40  nrf_fstorage_sd.o(i.nrf_fstorage_sdh_state_handler)
    nrf_fstorage_sys_evt_handler             0x0002b59d   Thumb Code   130  nrf_fstorage_sd.o(i.nrf_fstorage_sys_evt_handler)
    nrf_fstorage_write                       0x0002b629   Thumb Code   156  nrf_fstorage.o(i.nrf_fstorage_write)
    nrf_pwr_mgmt_init                        0x0002b855   Thumb Code    46  nrf_pwr_mgmt.o(i.nrf_pwr_mgmt_init)
    nrf_pwr_mgmt_run                         0x0002b895   Thumb Code   100  nrf_pwr_mgmt.o(i.nrf_pwr_mgmt_run)
    nrf_sdh_ble_app_ram_start_get            0x0002b925   Thumb Code    18  nrf_sdh_ble.o(i.nrf_sdh_ble_app_ram_start_get)
    nrf_sdh_ble_default_cfg_set              0x0002b93d   Thumb Code   162  nrf_sdh_ble.o(i.nrf_sdh_ble_default_cfg_set)
    nrf_sdh_ble_enable                       0x0002b9e1   Thumb Code    32  nrf_sdh_ble.o(i.nrf_sdh_ble_enable)
    nrf_sdh_disable_request                  0x0002bab9   Thumb Code    90  nrf_sdh.o(i.nrf_sdh_disable_request)
    nrf_sdh_enable_request                   0x0002bb1d   Thumb Code   112  nrf_sdh.o(i.nrf_sdh_enable_request)
    nrf_sdh_evts_poll                        0x0002bba1   Thumb Code    44  nrf_sdh.o(i.nrf_sdh_evts_poll)
    nrf_sdh_is_enabled                       0x0002bbd1   Thumb Code     6  nrf_sdh.o(i.nrf_sdh_is_enabled)
    nrf_sdh_request_continue                 0x0002bbdd   Thumb Code    30  nrf_sdh.o(i.nrf_sdh_request_continue)
    nrf_section_iter_init                    0x0002bca3   Thumb Code    20  nrf_section_iter.o(i.nrf_section_iter_init)
    nrf_section_iter_next                    0x0002bce5   Thumb Code    46  nrf_section_iter.o(i.nrf_section_iter_next)
    nrfx_gpiote_in_event_enable              0x0002bd35   Thumb Code   168  nrfx_gpiote.o(i.nrfx_gpiote_in_event_enable)
    nrfx_gpiote_in_init                      0x0002bde1   Thumb Code   232  nrfx_gpiote.o(i.nrfx_gpiote_in_init)
    nrfx_gpiote_in_is_set                    0x0002bed5   Thumb Code    20  nrfx_gpiote.o(i.nrfx_gpiote_in_is_set)
    nrfx_gpiote_init                         0x0002bee9   Thumb Code   184  nrfx_gpiote.o(i.nrfx_gpiote_init)
    nrfx_gpiote_is_init                      0x0002bfb1   Thumb Code    16  nrfx_gpiote.o(i.nrfx_gpiote_is_init)
    nvmc_config                              0x0002bfc5   Thumb Code    14  system_nrf52.o(i.nvmc_config)
    nvmc_wait                                0x0002bfd9   Thumb Code    12  system_nrf52.o(i.nvmc_wait)
    our_service_init_1                       0x0002c739   Thumb Code   114  our_service.o(i.our_service_init_1)
    pdb_init                                 0x0002cbe1   Thumb Code    48  peer_database.o(i.pdb_init)
    pdb_pds_evt_handler                      0x0002cc21   Thumb Code   104  peer_database.o(i.pdb_pds_evt_handler)
    pdb_peer_data_ptr_get                    0x0002cc8d   Thumb Code    22  peer_database.o(i.pdb_peer_data_ptr_get)
    pdb_peer_free                            0x0002cca3   Thumb Code    82  peer_database.o(i.pdb_peer_free)
    pdb_write_buf_get                        0x0002ccf5   Thumb Code   200  peer_database.o(i.pdb_write_buf_get)
    pdb_write_buf_release                    0x0002cdc1   Thumb Code    32  peer_database.o(i.pdb_write_buf_release)
    pdb_write_buf_store                      0x0002cde1   Thumb Code    68  peer_database.o(i.pdb_write_buf_store)
    pds_init                                 0x0002ce49   Thumb Code    46  peer_data_storage.o(i.pds_init)
    pds_next_deleted_peer_id_get             0x0002ce81   Thumb Code    12  peer_data_storage.o(i.pds_next_deleted_peer_id_get)
    pds_next_peer_id_get                     0x0002ce8d   Thumb Code    12  peer_data_storage.o(i.pds_next_peer_id_get)
    pds_peer_data_iterate                    0x0002ce99   Thumb Code   104  peer_data_storage.o(i.pds_peer_data_iterate)
    pds_peer_data_iterate_prepare            0x0002cf05   Thumb Code    10  peer_data_storage.o(i.pds_peer_data_iterate_prepare)
    pds_peer_data_read                       0x0002cf15   Thumb Code   154  peer_data_storage.o(i.pds_peer_data_read)
    pds_peer_data_store                      0x0002cfaf   Thumb Code   174  peer_data_storage.o(i.pds_peer_data_store)
    pds_peer_id_allocate                     0x0002d05d   Thumb Code    12  peer_data_storage.o(i.pds_peer_id_allocate)
    pds_peer_id_free                         0x0002d069   Thumb Code    30  peer_data_storage.o(i.pds_peer_id_free)
    pds_peer_id_is_allocated                 0x0002d087   Thumb Code    12  peer_data_storage.o(i.pds_peer_id_is_allocated)
    peer_id_allocate                         0x0002d1c1   Thumb Code    14  peer_id.o(i.peer_id_allocate)
    peer_id_delete                           0x0002d1d5   Thumb Code    38  peer_id.o(i.peer_id_delete)
    peer_id_free                             0x0002d201   Thumb Code    24  peer_id.o(i.peer_id_free)
    peer_id_get_next_deleted                 0x0002d21d   Thumb Code    14  peer_id.o(i.peer_id_get_next_deleted)
    peer_id_get_next_used                    0x0002d231   Thumb Code    50  peer_id.o(i.peer_id_get_next_used)
    peer_id_init                             0x0002d269   Thumb Code    10  peer_id.o(i.peer_id_init)
    peer_id_is_allocated                     0x0002d279   Thumb Code    22  peer_id.o(i.peer_id_is_allocated)
    peer_id_is_deleted                       0x0002d295   Thumb Code    22  peer_id.o(i.peer_id_is_deleted)
    pm_buffer_block_acquire                  0x0002d4a5   Thumb Code    98  pm_buffer.o(i.pm_buffer_block_acquire)
    pm_buffer_init                           0x0002d507   Thumb Code    42  pm_buffer.o(i.pm_buffer_init)
    pm_buffer_ptr_get                        0x0002d531   Thumb Code    48  pm_buffer.o(i.pm_buffer_ptr_get)
    pm_buffer_release                        0x0002d561   Thumb Code    40  pm_buffer.o(i.pm_buffer_release)
    pm_conn_sec_config_reply                 0x0002d589   Thumb Code    18  peer_manager.o(i.pm_conn_sec_config_reply)
    pm_gcm_evt_handler                       0x0002d685   Thumb Code    12  peer_manager.o(i.pm_gcm_evt_handler)
    pm_gscm_evt_handler                      0x0002d691   Thumb Code    12  peer_manager.o(i.pm_gscm_evt_handler)
    pm_im_evt_handler                        0x0002d69d   Thumb Code    12  peer_manager.o(i.pm_im_evt_handler)
    pm_init                                  0x0002d6a9   Thumb Code    94  peer_manager.o(i.pm_init)
    pm_pdb_evt_handler                       0x0002d711   Thumb Code   360  peer_manager.o(i.pm_pdb_evt_handler)
    pm_peer_delete                           0x0002d88d   Thumb Code    26  peer_manager.o(i.pm_peer_delete)
    pm_peer_ranks_get                        0x0002d8ad   Thumb Code   214  peer_manager.o(i.pm_peer_ranks_get)
    pm_peers_delete                          0x0002d989   Thumb Code   120  peer_manager.o(i.pm_peers_delete)
    pm_register                              0x0002da09   Thumb Code    52  peer_manager.o(i.pm_register)
    pm_sec_params_set                        0x0002da49   Thumb Code    30  peer_manager.o(i.pm_sec_params_set)
    pm_sm_evt_handler                        0x0002da6d   Thumb Code    22  peer_manager.o(i.pm_sm_evt_handler)
    sm_ble_evt_handler                       0x0002ed8d   Thumb Code    36  security_manager.o(i.sm_ble_evt_handler)
    sm_conn_sec_config_reply                 0x0002edc1   Thumb Code    16  security_manager.o(i.sm_conn_sec_config_reply)
    sm_conn_sec_status_get                   0x0002edd1   Thumb Code   154  security_manager.o(i.sm_conn_sec_status_get)
    sm_init                                  0x0002ee6d   Thumb Code    48  security_manager.o(i.sm_init)
    sm_pdb_evt_handler                       0x0002eeb1   Thumb Code    70  security_manager.o(i.sm_pdb_evt_handler)
    sm_sec_is_sufficient                     0x0002ef09   Thumb Code    44  security_manager.o(i.sm_sec_is_sufficient)
    sm_sec_params_set                        0x0002ef39   Thumb Code    58  security_manager.o(i.sm_sec_params_set)
    sm_smd_evt_handler                       0x0002ef81   Thumb Code    50  security_manager.o(i.sm_smd_evt_handler)
    smd_ble_evt_handler                      0x0002efb3   Thumb Code    76  security_dispatcher.o(i.smd_ble_evt_handler)
    smd_conn_sec_config_reply                0x0002f001   Thumb Code    20  security_dispatcher.o(i.smd_conn_sec_config_reply)
    smd_init                                 0x0002f019   Thumb Code    72  security_dispatcher.o(i.smd_init)
    smd_link_secure                          0x0002f075   Thumb Code    40  security_dispatcher.o(i.smd_link_secure)
    smd_params_reply                         0x0002f09d   Thumb Code   184  security_dispatcher.o(i.smd_params_reply)
    store_car_value                          0x0002f339   Thumb Code    60  gatt_cache_manager.o(i.store_car_value)
    value_characteristic_update              0x0002f987   Thumb Code    68  our_service.o(i.value_characteristic_update)
    write_buf_store                          0x0002fabd   Thumb Code   164  peer_database.o(i.write_buf_store)
    nrf_fstorage_sd                          0x000301a0   Data          32  nrf_fstorage_sd.o(.constdata)
    m_ram_start                              0x00030268   Data           4  nrf_sdh_ble.o(.constdata)
    Region$$Table$$Base                      0x00030288   Number         0  anon$$obj.o(Region$$Table)
    Region$$Table$$Limit                     0x000302a8   Number         0  anon$$obj.o(Region$$Table)
    sdh_ble_observers0$$Base                 0x000302a8   Number         0  ble_conn_state.o(sdh_ble_observers0)
    sdh_ble_observers0$$Limit                0x000302b0   Number         0  ble_conn_state.o(sdh_ble_observers0)
    sdh_ble_observers1$$Base                 0x000302b0   Number         0  main.o(sdh_ble_observers1)
    sdh_ble_observers1$$Limit                0x000302d8   Number         0  peer_manager.o(sdh_ble_observers1)
    sdh_ble_observers2$$Base                 0x000302d8   Number         0  main.o(sdh_ble_observers2)
    sdh_ble_observers2$$Limit                0x000302e0   Number         0  main.o(sdh_ble_observers2)
    sdh_ble_observers3$$Base                 0x000302e0   Number         0  main.o(sdh_ble_observers3)
    m_req_obs                                0x000302e8   Data           8  nrf_fstorage_sd.o(sdh_req_observers0)
    sdh_ble_observers3$$Limit                0x000302e8   Number         0  main.o(sdh_ble_observers3)
    sdh_req_observers0$$Base                 0x000302e8   Number         0  nrf_fstorage_sd.o(sdh_req_observers0)
    sdh_req_observers0$$Limit                0x000302f0   Number         0  nrf_fstorage_sd.o(sdh_req_observers0)
    sdh_soc_observers0$$Base                 0x000302f0   Number         0  nrf_fstorage_sd.o(sdh_soc_observers0)
    sdh_soc_observers0$$Limit                0x000302f8   Number         0  nrf_fstorage_sd.o(sdh_soc_observers0)
    sdh_stack_observers0$$Base               0x000302f8   Number         0  nrf_sdh_ble.o(sdh_stack_observers0)
    sdh_stack_observers0$$Limit              0x00030308   Number         0  nrf_sdh_soc.o(sdh_stack_observers0)
    sdh_state_observers0$$Base               0x00030308   Number         0  nrf_fstorage_sd.o(sdh_state_observers0)
    sdh_state_observers0$$Limit              0x00030310   Number         0  nrf_fstorage_sd.o(sdh_state_observers0)
    Image$$RW_IRAM1$$Base                    0x20002418   Number         0  anon$$obj.o ABSOLUTE
    SystemCoreClock                          0x2000252c   Data           4  system_nrf52.o(.data)
    fs_data$$Base                            0x20002530   Number         0  fds.o(fs_data)
    m_fs                                     0x20002530   Data          20  fds.o(fs_data)
    fs_data$$Limit                           0x20002544   Number         0  fds.o(fs_data)
    m_our_service                            0x20002998   Data          32  main.o(.bss)
    nrf_nvic_state                           0x20002ed4   Data          12  app_util_platform.o(.bss)
    __initial_sp                             0x20005090   Data           0  arm_startup_nrf52.o(STACK)



==============================================================================

Memory Map of the image

  Image Entry point : 0x00026201

  Load Region LR_IROM1 (Base: 0x00026000, Size: 0x0000a43c, Max: 0x0005a000, ABSOLUTE, COMPRESSED[0x0000a334])

    Execution Region ER_IROM1 (Exec base: 0x00026000, Load base: 0x00026000, Size: 0x0000a310, Max: 0x0005a000, ABSOLUTE)

    Exec Addr    Load Addr    Size         Type   Attr      Idx    E Section Name        Object

    0x00026000   0x00026000   0x00000200   Data   RO         7140    RESET               arm_startup_nrf52.o
    0x00026200   0x00026200   0x00000000   Code   RO         9112  * .ARM.Collect$$$$00000000  mc_w.l(entry.o)
    0x00026200   0x00026200   0x00000004   Code   RO         9138    .ARM.Collect$$$$00000001  mc_w.l(entry2.o)
    0x00026204   0x00026204   0x00000004   Code   RO         9141    .ARM.Collect$$$$00000004  mc_w.l(entry5.o)
    0x00026208   0x00026208   0x00000000   Code   RO         9143    .ARM.Collect$$$$00000008  mc_w.l(entry7b.o)
    0x00026208   0x00026208   0x00000000   Code   RO         9145    .ARM.Collect$$$$0000000A  mc_w.l(entry8b.o)
    0x00026208   0x00026208   0x00000008   Code   RO         9146    .ARM.Collect$$$$0000000B  mc_w.l(entry9a.o)
    0x00026210   0x00026210   0x00000000   Code   RO         9148    .ARM.Collect$$$$0000000D  mc_w.l(entry10a.o)
    0x00026210   0x00026210   0x00000000   Code   RO         9150    .ARM.Collect$$$$0000000F  mc_w.l(entry11a.o)
    0x00026210   0x00026210   0x00000004   Code   RO         9139    .ARM.Collect$$$$00002712  mc_w.l(entry2.o)
    0x00026214   0x00026214   0x0000001a   Code   RO         4614    .emb_text           app_error_handler_keil.o
    0x0002622e   0x0002622e   0x00000002   PAD
    0x00026230   0x00026230   0x000000c8   Code   RO         5555    .emb_text           nrf_atfifo.o
    0x000262f8   0x000262f8   0x000000e2   Code   RO         5694    .emb_text           nrf_atomic.o
    0x000263da   0x000263da   0x00000002   PAD
    0x000263dc   0x000263dc   0x00000024   Code   RO         7141    .text               arm_startup_nrf52.o
    0x00026400   0x00026400   0x00000062   Code   RO         9120    .text               mc_w.l(uldiv.o)
    0x00026462   0x00026462   0x0000001e   Code   RO         9122    .text               mc_w.l(llshl.o)
    0x00026480   0x00026480   0x00000024   Code   RO         9124    .text               mc_w.l(memcpya.o)
    0x000264a4   0x000264a4   0x00000024   Code   RO         9126    .text               mc_w.l(memseta.o)
    0x000264c8   0x000264c8   0x0000001a   Code   RO         9132    .text               mc_w.l(memcmp.o)
    0x000264e2   0x000264e2   0x00000020   Code   RO         9153    .text               mc_w.l(llushr.o)
    0x00026502   0x00026502   0x00000002   PAD
    0x00026504   0x00026504   0x00000024   Code   RO         9156    .text               mc_w.l(init.o)
    0x00026528   0x00026528   0x00000056   Code   RO         9166    .text               mc_w.l(__dczerorl2.o)
    0x0002657e   0x0002657e   0x00000002   PAD
    0x00026580   0x00026580   0x00000038   Code   RO            4    i.ADE9153aSend      main.o
    0x000265b8   0x000265b8   0x000000bc   Code   RO         3597    i.GPIOTE_IRQHandler  nrfx_gpiote.o
    0x00026674   0x00026674   0x00000018   Code   RO         4728    i.NVIC_ClearPendingIRQ  app_timer.o
    0x0002668c   0x0002668c   0x00000016   Code   RO         4729    i.NVIC_EnableIRQ    app_timer.o
    0x000266a2   0x000266a2   0x00000002   PAD
    0x000266a4   0x000266a4   0x00000018   Code   RO         4730    i.NVIC_SetPendingIRQ  app_timer.o
    0x000266bc   0x000266bc   0x00000028   Code   RO         4731    i.NVIC_SetPriority  app_timer.o
    0x000266e4   0x000266e4   0x00000054   Code   RO         3432    i.POWER_CLOCK_IRQHandler  nrfx_clock.o
    0x00026738   0x00026738   0x00000034   Code   RO         4732    i.RTC1_IRQHandler   app_timer.o
    0x0002676c   0x0002676c   0x00000008   Code   RO         4733    i.SWI0_EGU0_IRQHandler  app_timer.o
    0x00026774   0x00026774   0x00000008   Code   RO         6931    i.SWI2_EGU2_IRQHandler  nrf_sdh.o
    0x0002677c   0x0002677c   0x00000010   Code   RO         7148    i.SystemCoreClockUpdate  system_nrf52.o
    0x0002678c   0x0002678c   0x00000270   Code   RO         7149    i.SystemInit        system_nrf52.o
    0x000269fc   0x000269fc   0x00000010   Code   RO         3964    i.UARTE0_UART0_IRQHandler  nrfx_prs.o
    0x00026a0c   0x00026a0c   0x0000000e   Code   RO         9160    i.__scatterload_copy  mc_w.l(handlers.o)
    0x00026a1a   0x00026a1a   0x00000002   Code   RO         9161    i.__scatterload_null  mc_w.l(handlers.o)
    0x00026a1c   0x00026a1c   0x0000000e   Code   RO         9162    i.__scatterload_zeroinit  mc_w.l(handlers.o)
    0x00026a2a   0x00026a2a   0x00000002   PAD
    0x00026a2c   0x00026a2c   0x00000038   Code   RO         6932    i.__sd_nvic_app_accessible_irq  nrf_sdh.o
    0x00026a64   0x00026a64   0x0000000c   Code   RO         4956    i.__sd_nvic_irq_disable  app_util_platform.o
    0x00026a70   0x00026a70   0x00000032   Code   RO         1839    i.addr_compare      id_manager.o
    0x00026aa2   0x00026aa2   0x00000010   Code   RO         5967    i.addr_is_aligned32  nrf_fstorage.o
    0x00026ab2   0x00026ab2   0x00000014   Code   RO         5968    i.addr_is_page_aligned  nrf_fstorage.o
    0x00026ac6   0x00026ac6   0x00000018   Code   RO         1035    i.addr_is_valid     ble_advertising.o
    0x00026ade   0x00026ade   0x0000001c   Code   RO         5969    i.addr_is_within_bounds  nrf_fstorage.o
    0x00026afa   0x00026afa   0x00000002   PAD
    0x00026afc   0x00026afc   0x0000002c   Code   RO         5061    i.address_is_valid  fds.o
    0x00026b28   0x00026b28   0x00000058   Code   RO         1036    i.adv_mode_next_avail_get  ble_advertising.o
    0x00026b80   0x00026b80   0x00000012   Code   RO         1037    i.adv_mode_next_get  ble_advertising.o
    0x00026b92   0x00026b92   0x00000012   Code   RO         1038    i.adv_set_data_size_max_get  ble_advertising.o
    0x00026ba4   0x00026ba4   0x00000054   Code   RO          849    i.advertising_buttons_configure  bsp_btn_ble.o
    0x00026bf8   0x00026bf8   0x00000088   Code   RO            5    i.advertising_init  main.o
    0x00026c80   0x00026c80   0x00000048   Code   RO            6    i.advertising_start  main.o
    0x00026cc8   0x00026cc8   0x00000056   Code   RO         1840    i.ah                id_manager.o
    0x00026d1e   0x00026d1e   0x0000000c   Code   RO          735    i.alert_timer_handler  bsp.o
    0x00026d2a   0x00026d2a   0x00000002   PAD
    0x00026d2c   0x00026d2c   0x00000014   Code   RO         2977    i.allow_repairing   security_dispatcher.o
    0x00026d40   0x00026d40   0x0000002c   Code   RO         4477    i.app_button_enable  app_button.o
    0x00026d6c   0x00026d6c   0x000000b0   Code   RO         4478    i.app_button_init   app_button.o
    0x00026e1c   0x00026e1c   0x00000058   Code   RO         4636    i.app_error_fault_handler  app_error_weak.o
    0x00026e74   0x00026e74   0x00000088   Code   RO         4577    i.app_error_save_and_stop  app_error.o
    0x00026efc   0x00026efc   0x0000003c   Code   RO         4736    i.app_timer_create  app_timer.o
    0x00026f38   0x00026f38   0x0000005c   Code   RO         4737    i.app_timer_init    app_timer.o
    0x00026f94   0x00026f94   0x00000058   Code   RO         4740    i.app_timer_start   app_timer.o
    0x00026fec   0x00026fec   0x00000030   Code   RO         4741    i.app_timer_stop    app_timer.o
    0x0002701c   0x0002701c   0x0000000c   Code   RO         4957    i.app_util_critical_region_enter  app_util_platform.o
    0x00027028   0x00027028   0x00000048   Code   RO         4958    i.app_util_critical_region_exit  app_util_platform.o
    0x00027070   0x00027070   0x00000052   Code   RO          908    i.appearance_encode  ble_advdata.o
    0x000270c2   0x000270c2   0x00000002   Code   RO            7    i.application_timers_start  main.o
    0x000270c4   0x000270c4   0x0000000e   Code   RO         1555    i.apply_pending_handle  gatt_cache_manager.o
    0x000270d2   0x000270d2   0x00000014   Code   RO         2978    i.auth_status_failure_process  security_dispatcher.o
    0x000270e6   0x000270e6   0x0000001c   Code   RO         2979    i.auth_status_process  security_dispatcher.o
    0x00027102   0x00027102   0x00000002   PAD
    0x00027104   0x00027104   0x00000124   Code   RO         2980    i.auth_status_success_process  security_dispatcher.o
    0x00027228   0x00027228   0x0000016c   Code   RO          910    i.ble_advdata_encode  ble_advdata.o
    0x00027394   0x00027394   0x00000028   Code   RO          912    i.ble_advdata_parse  ble_advdata.o
    0x000273bc   0x000273bc   0x0000005c   Code   RO          913    i.ble_advdata_search  ble_advdata.o
    0x00027418   0x00027418   0x00000006   Code   RO         1040    i.ble_advertising_conn_cfg_tag_set  ble_advertising.o
    0x0002741e   0x0002741e   0x00000108   Code   RO         1041    i.ble_advertising_init  ble_advertising.o
    0x00027526   0x00027526   0x0000003c   Code   RO         1043    i.ble_advertising_on_ble_evt  ble_advertising.o
    0x00027562   0x00027562   0x0000004a   Code   RO         1045    i.ble_advertising_restart_without_whitelist  ble_advertising.o
    0x000275ac   0x000275ac   0x00000174   Code   RO         1046    i.ble_advertising_start  ble_advertising.o
    0x00027720   0x00027720   0x0000009c   Code   RO         1194    i.ble_conn_params_init  ble_conn_params.o
    0x000277bc   0x000277bc   0x00000020   Code   RO         1298    i.ble_conn_state_encrypted  ble_conn_state.o
    0x000277dc   0x000277dc   0x00000028   Code   RO         1300    i.ble_conn_state_for_each_set_user_flag  ble_conn_state.o
    0x00027804   0x00027804   0x00000020   Code   RO         1302    i.ble_conn_state_lesc  ble_conn_state.o
    0x00027824   0x00027824   0x00000020   Code   RO         1303    i.ble_conn_state_mitm_protected  ble_conn_state.o
    0x00027844   0x00027844   0x0000002c   Code   RO         1306    i.ble_conn_state_role  ble_conn_state.o
    0x00027870   0x00027870   0x0000002c   Code   RO         1307    i.ble_conn_state_status  ble_conn_state.o
    0x0002789c   0x0002789c   0x0000001c   Code   RO         1308    i.ble_conn_state_user_flag_acquire  ble_conn_state.o
    0x000278b8   0x000278b8   0x0000002c   Code   RO         1309    i.ble_conn_state_user_flag_get  ble_conn_state.o
    0x000278e4   0x000278e4   0x0000002c   Code   RO         1310    i.ble_conn_state_user_flag_set  ble_conn_state.o
    0x00027910   0x00027910   0x0000001c   Code   RO         1311    i.ble_conn_state_valid  ble_conn_state.o
    0x0002792c   0x0002792c   0x00000076   Code   RO          916    i.ble_device_addr_encode  ble_advdata.o
    0x000279a2   0x000279a2   0x00000002   PAD
    0x000279a4   0x000279a4   0x000000fc   Code   RO            9    i.ble_evt_handler   main.o
    0x00027aa0   0x00027aa0   0x00000078   Code   RO          850    i.ble_evt_handler   bsp_btn_ble.o
    0x00027b18   0x00027b18   0x00000040   Code   RO         1196    i.ble_evt_handler   ble_conn_params.o
    0x00027b58   0x00027b58   0x000000f8   Code   RO         1312    i.ble_evt_handler   ble_conn_state.o
    0x00027c50   0x00027c50   0x0000002c   Code   RO         2602    i.ble_evt_handler   peer_manager.o
    0x00027c7c   0x00027c7c   0x00000012   Code   RO         1489    i.ble_srv_is_notification_enabled  ble_srv_common.o
    0x00027c8e   0x00027c8e   0x00000002   PAD
    0x00027c90   0x00027c90   0x00000078   Code   RO           10    i.ble_stack_init    main.o
    0x00027d08   0x00027d08   0x0000000c   Code   RO          617    i.bsp_board_button_idx_to_pin  boards.o
    0x00027d14   0x00027d14   0x00000030   Code   RO          618    i.bsp_board_button_state_get  boards.o
    0x00027d44   0x00027d44   0x0000002c   Code   RO          619    i.bsp_board_buttons_init  boards.o
    0x00027d70   0x00027d70   0x0000001a   Code   RO          620    i.bsp_board_init    boards.o
    0x00027d8a   0x00027d8a   0x00000002   PAD
    0x00027d8c   0x00027d8c   0x00000030   Code   RO          622    i.bsp_board_led_invert  boards.o
    0x00027dbc   0x00027dbc   0x00000014   Code   RO          623    i.bsp_board_led_off  boards.o
    0x00027dd0   0x00027dd0   0x00000014   Code   RO          624    i.bsp_board_led_on  boards.o
    0x00027de4   0x00027de4   0x00000030   Code   RO          625    i.bsp_board_led_state_get  boards.o
    0x00027e14   0x00027e14   0x00000030   Code   RO          626    i.bsp_board_leds_init  boards.o
    0x00027e44   0x00027e44   0x00000014   Code   RO          627    i.bsp_board_leds_off  boards.o
    0x00027e58   0x00027e58   0x00000014   Code   RO          628    i.bsp_board_leds_on  boards.o
    0x00027e6c   0x00027e6c   0x00000024   Code   RO          629    i.bsp_board_pin_to_button_idx  boards.o
    0x00027e90   0x00027e90   0x0000002c   Code   RO          851    i.bsp_btn_ble_init  bsp_btn_ble.o
    0x00027ebc   0x00027ebc   0x00000032   Code   RO          852    i.bsp_btn_ble_sleep_mode_prepare  bsp_btn_ble.o
    0x00027eee   0x00027eee   0x00000002   PAD
    0x00027ef0   0x00027ef0   0x000000c4   Code   RO          736    i.bsp_button_event_handler  bsp.o
    0x00027fb4   0x00027fb4   0x00000014   Code   RO          737    i.bsp_button_is_pressed  bsp.o
    0x00027fc8   0x00027fc8   0x00000090   Code   RO           11    i.bsp_event_handler  main.o
    0x00028058   0x00028058   0x0000005c   Code   RO          740    i.bsp_event_to_button_action_assign  bsp.o
    0x000280b4   0x000280b4   0x00000020   Code   RO          741    i.bsp_indication_set  bsp.o
    0x000280d4   0x000280d4   0x000000ac   Code   RO          742    i.bsp_init          bsp.o
    0x00028180   0x00028180   0x00000388   Code   RO          743    i.bsp_led_indication  bsp.o
    0x00028508   0x00028508   0x0000000e   Code   RO          745    i.bsp_wakeup_button_enable  bsp.o
    0x00028516   0x00028516   0x00000002   PAD
    0x00028518   0x00028518   0x0000002c   Code   RO         4480    i.button_get        app_button.o
    0x00028544   0x00028544   0x0000000e   Code   RO          746    i.button_timer_handler  bsp.o
    0x00028552   0x00028552   0x00000002   PAD
    0x00028554   0x00028554   0x00000070   Code   RO           12    i.buttons_leds_init  main.o
    0x000285c4   0x000285c4   0x0000002c   Code   RO         1556    i.car_update_needed  gatt_cache_manager.o
    0x000285f0   0x000285f0   0x00000040   Code   RO         1557    i.car_update_pending_handle  gatt_cache_manager.o
    0x00028630   0x00028630   0x00000020   Code   RO         1558    i.cccd_written      gatt_cache_manager.o
    0x00028650   0x00028650   0x00000020   Code   RO         3598    i.channel_free      nrfx_gpiote.o
    0x00028670   0x00028670   0x00000010   Code   RO         3599    i.channel_handler_get  nrfx_gpiote.o
    0x00028680   0x00028680   0x00000080   Code   RO         3600    i.channel_port_alloc  nrfx_gpiote.o
    0x00028700   0x00028700   0x0000000c   Code   RO         3601    i.channel_port_get  nrfx_gpiote.o
    0x0002870c   0x0002870c   0x0000004c   Code   RO         2507    i.claim             peer_id.o
    0x00028758   0x00028758   0x00000090   Code   RO         4743    i.compare_reg_update  app_timer.o
    0x000287e8   0x000287e8   0x00000028   Code   RO         1048    i.config_is_valid   ble_advertising.o
    0x00028810   0x00028810   0x0000003c   Code   RO         1313    i.conn_handle_list_get  ble_conn_state.o
    0x0002884c   0x0002884c   0x0000005a   Code   RO          917    i.conn_int_check    ble_advdata.o
    0x000288a6   0x000288a6   0x00000068   Code   RO          918    i.conn_int_encode   ble_advdata.o
    0x0002890e   0x0002890e   0x00000002   PAD
    0x00028910   0x00028910   0x00000028   Code   RO           13    i.conn_params_error_handler  main.o
    0x00028938   0x00028938   0x00000070   Code   RO           14    i.conn_params_init  main.o
    0x000289a8   0x000289a8   0x00000054   Code   RO         1197    i.conn_params_negotiation  ble_conn_params.o
    0x000289fc   0x000289fc   0x00000044   Code   RO         2981    i.conn_sec_failure  security_dispatcher.o
    0x00028a40   0x00028a40   0x00000058   Code   RO         2982    i.conn_sec_update_process  security_dispatcher.o
    0x00028a98   0x00028a98   0x00000054   Code   RO          853    i.connection_buttons_configure  bsp_btn_ble.o
    0x00028aec   0x00028aec   0x0000002c   Code   RO         2010    i.data_length_update  nrf_ble_gatt.o
    0x00028b18   0x00028b18   0x0000004c   Code   RO         1559    i.db_update_pending_handle  gatt_cache_manager.o
    0x00028b64   0x00028b64   0x00000034   Code   RO           15    i.delete_bonds      main.o
    0x00028b98   0x00028b98   0x00000052   Code   RO         5062    i.delete_execute    fds.o
    0x00028bea   0x00028bea   0x00000002   PAD
    0x00028bec   0x00028bec   0x00000060   Code   RO         4481    i.detection_delay_timeout_handler  app_button.o
    0x00028c4c   0x00028c4c   0x00000022   Code   RO         2983    i.disconnect_process  security_dispatcher.o
    0x00028c6e   0x00028c6e   0x00000002   PAD
    0x00028c70   0x00028c70   0x00000064   Code   RO         4744    i.elapsed_ticks_acquire  app_timer.o
    0x00028cd4   0x00028cd4   0x00000016   Code   RO         2984    i.encryption_failure  security_dispatcher.o
    0x00028cea   0x00028cea   0x00000002   PAD
    0x00028cec   0x00028cec   0x00000058   Code   RO         6054    i.erase             nrf_fstorage_sd.o
    0x00028d44   0x00028d44   0x0000000e   Code   RO         6055    i.erase_execute     nrf_fstorage_sd.o
    0x00028d52   0x00028d52   0x0000007e   Code   RO         5063    i.event_prepare     fds.o
    0x00028dd0   0x00028dd0   0x00000028   Code   RO         5064    i.event_send        fds.o
    0x00028df8   0x00028df8   0x00000068   Code   RO         6056    i.event_send        nrf_fstorage_sd.o
    0x00028e60   0x00028e60   0x00000058   Code   RO         3164    i.events_send_from_err_code  security_manager.o
    0x00028eb8   0x00028eb8   0x0000000c   Code   RO         3165    i.evt_forward       security_manager.o
    0x00028ec4   0x00028ec4   0x000000f0   Code   RO         4482    i.evt_handle        app_button.o
    0x00028fb4   0x00028fb4   0x00000028   Code   RO         1560    i.evt_send          gatt_cache_manager.o
    0x00028fdc   0x00028fdc   0x00000028   Code   RO         1745    i.evt_send          gatts_cache_manager.o
    0x00029004   0x00029004   0x00000020   Code   RO         1841    i.evt_send          id_manager.o
    0x00029024   0x00029024   0x00000028   Code   RO         2603    i.evt_send          peer_manager.o
    0x0002904c   0x0002904c   0x00000028   Code   RO         2985    i.evt_send          security_dispatcher.o
    0x00029074   0x00029074   0x00000020   Code   RO         3166    i.evt_send          security_manager.o
    0x00029094   0x00029094   0x00000058   Code   RO         4745    i.expired_timers_handler  app_timer.o
    0x000290ec   0x000290ec   0x000000f4   Code   RO         2183    i.fds_evt_handler   peer_data_storage.o
    0x000291e0   0x000291e0   0x0000004c   Code   RO         5066    i.fds_file_delete   fds.o
    0x0002922c   0x0002922c   0x00000044   Code   RO         5067    i.fds_gc            fds.o
    0x00029270   0x00029270   0x000000cc   Code   RO         5068    i.fds_init          fds.o
    0x0002933c   0x0002933c   0x00000068   Code   RO         5069    i.fds_record_close  fds.o
    0x000293a4   0x000293a4   0x00000016   Code   RO         5071    i.fds_record_find   fds.o
    0x000293ba   0x000293ba   0x00000014   Code   RO         5072    i.fds_record_find_by_key  fds.o
    0x000293ce   0x000293ce   0x00000014   Code   RO         5073    i.fds_record_find_in_file  fds.o
    0x000293e2   0x000293e2   0x00000014   Code   RO         5074    i.fds_record_id_from_desc  fds.o
    0x000293f6   0x000293f6   0x00000002   PAD
    0x000293f8   0x000293f8   0x00000050   Code   RO         5076    i.fds_record_open   fds.o
    0x00029448   0x00029448   0x0000001c   Code   RO         5077    i.fds_record_update  fds.o
    0x00029464   0x00029464   0x00000014   Code   RO         5078    i.fds_record_write  fds.o
    0x00029478   0x00029478   0x00000034   Code   RO         5080    i.fds_register      fds.o
    0x000294ac   0x000294ac   0x00000034   Code   RO         5084    i.file_find_and_delete  fds.o
    0x000294e0   0x000294e0   0x0000000a   Code   RO         2184    i.file_id_to_peer_id  peer_data_storage.o
    0x000294ea   0x000294ea   0x00000018   Code   RO         2185    i.file_id_within_pm_range  peer_data_storage.o
    0x00029502   0x00029502   0x00000012   Code   RO         2986    i.flag_id_init      security_dispatcher.o
    0x00029514   0x00029514   0x00000012   Code   RO         3167    i.flag_id_init      security_manager.o
    0x00029526   0x00029526   0x0000001e   Code   RO         1314    i.flag_toggle       ble_conn_state.o
    0x00029544   0x00029544   0x00000036   Code   RO          919    i.flags_encode      ble_advdata.o
    0x0002957a   0x0002957a   0x0000002c   Code   RO         1049    i.flags_set         ble_advertising.o
    0x000295a6   0x000295a6   0x00000002   PAD
    0x000295a8   0x000295a8   0x0000004c   Code   RO         3168    i.flags_set_from_err_code  security_manager.o
    0x000295f4   0x000295f4   0x0000001c   Code   RO         5085    i.flash_bounds_set  fds.o
    0x00029610   0x00029610   0x00000038   Code   RO         5086    i.flash_end_addr    fds.o
    0x00029648   0x00029648   0x0000001c   Code   RO         5087    i.flash_subsystem_init  fds.o
    0x00029664   0x00029664   0x00000032   Code   RO         1315    i.for_each_set_flag  ble_conn_state.o
    0x00029696   0x00029696   0x0000000c   Code   RO         5088    i.fs_event_handler  fds.o
    0x000296a2   0x000296a2   0x00000002   PAD
    0x000296a4   0x000296a4   0x0000009c   Code   RO           16    i.gap_params_init   main.o
    0x00029740   0x00029740   0x0000003c   Code   RO           17    i.gatt_init         main.o
    0x0002977c   0x0002977c   0x00000074   Code   RO         5089    i.gc_execute        fds.o
    0x000297f0   0x000297f0   0x00000040   Code   RO         5090    i.gc_init           fds.o
    0x00029830   0x00029830   0x00000028   Code   RO         5091    i.gc_next_page      fds.o
    0x00029858   0x00029858   0x0000004c   Code   RO         5092    i.gc_page_erase     fds.o
    0x000298a4   0x000298a4   0x00000050   Code   RO         5093    i.gc_page_next      fds.o
    0x000298f4   0x000298f4   0x00000040   Code   RO         5094    i.gc_record_copy    fds.o
    0x00029934   0x00029934   0x00000024   Code   RO         5095    i.gc_record_find_next  fds.o
    0x00029958   0x00029958   0x00000058   Code   RO         5096    i.gc_state_advance  fds.o
    0x000299b0   0x000299b0   0x0000002c   Code   RO         5097    i.gc_swap_erase     fds.o
    0x000299dc   0x000299dc   0x00000060   Code   RO         5098    i.gc_swap_pages     fds.o
    0x00029a3c   0x00029a3c   0x00000024   Code   RO         5099    i.gc_swap_promote   fds.o
    0x00029a60   0x00029a60   0x00000018   Code   RO         5100    i.gc_tag_new_swap   fds.o
    0x00029a78   0x00029a78   0x00000020   Code   RO         5101    i.gc_update_swap_offset  fds.o
    0x00029a98   0x00029a98   0x00000160   Code   RO         1561    i.gcm_ble_evt_handler  gatt_cache_manager.o
    0x00029bf8   0x00029bf8   0x00000026   Code   RO         1562    i.gcm_im_evt_handler  gatt_cache_manager.o
    0x00029c1e   0x00029c1e   0x00000002   PAD
    0x00029c20   0x00029c20   0x000000c4   Code   RO         1563    i.gcm_init          gatt_cache_manager.o
    0x00029ce4   0x00029ce4   0x0000009c   Code   RO         1566    i.gcm_pdb_evt_handler  gatt_cache_manager.o
    0x00029d80   0x00029d80   0x00000048   Code   RO         4483    i.gpiote_event_handler  app_button.o
    0x00029dc8   0x00029dc8   0x0000001c   Code   RO         1746    i.gscm_db_change_notification_done  gatts_cache_manager.o
    0x00029de4   0x00029de4   0x00000014   Code   RO         1747    i.gscm_init         gatts_cache_manager.o
    0x00029df8   0x00029df8   0x00000090   Code   RO         1749    i.gscm_local_db_cache_apply  gatts_cache_manager.o
    0x00029e88   0x00029e88   0x00000098   Code   RO         1750    i.gscm_local_db_cache_update  gatts_cache_manager.o
    0x00029f20   0x00029f20   0x0000001c   Code   RO         1751    i.gscm_pdb_evt_handler  gatts_cache_manager.o
    0x00029f3c   0x00029f3c   0x00000028   Code   RO         1752    i.gscm_service_changed_ind_needed  gatts_cache_manager.o
    0x00029f64   0x00029f64   0x00000048   Code   RO         1753    i.gscm_service_changed_ind_send  gatts_cache_manager.o
    0x00029fac   0x00029fac   0x00000030   Code   RO         5102    i.header_check      fds.o
    0x00029fdc   0x00029fdc   0x00000016   Code   RO         5103    i.header_has_next   fds.o
    0x00029ff2   0x00029ff2   0x0000000e   Code   RO         5104    i.header_jump       fds.o
    0x0002a000   0x0002a000   0x00000008   Code   RO           18    i.idle_state_handle  main.o
    0x0002a008   0x0002a008   0x0000004c   Code   RO         1842    i.im_address_resolve  id_manager.o
    0x0002a054   0x0002a054   0x00000038   Code   RO         1843    i.im_ble_addr_get   id_manager.o
    0x0002a08c   0x0002a08c   0x000000ec   Code   RO         1844    i.im_ble_evt_handler  id_manager.o
    0x0002a178   0x0002a178   0x00000040   Code   RO         1845    i.im_conn_handle_get  id_manager.o
    0x0002a1b8   0x0002a1b8   0x00000038   Code   RO         1847    i.im_find_duplicate_bonding_data  id_manager.o
    0x0002a1f0   0x0002a1f0   0x00000090   Code   RO         1850    i.im_is_duplicate_bonding_data  id_manager.o
    0x0002a280   0x0002a280   0x00000022   Code   RO         1851    i.im_master_id_is_valid  id_manager.o
    0x0002a2a2   0x0002a2a2   0x00000032   Code   RO         1852    i.im_master_ids_compare  id_manager.o
    0x0002a2d4   0x0002a2d4   0x00000014   Code   RO         1853    i.im_new_peer_id    id_manager.o
    0x0002a2e8   0x0002a2e8   0x00000030   Code   RO         1854    i.im_peer_free      id_manager.o
    0x0002a318   0x0002a318   0x00000028   Code   RO         1855    i.im_peer_id_get_by_conn_handle  id_manager.o
    0x0002a340   0x0002a340   0x00000040   Code   RO         1856    i.im_peer_id_get_by_master_id  id_manager.o
    0x0002a380   0x0002a380   0x0000003c   Code   RO         6057    i.init              nrf_fstorage_sd.o
    0x0002a3bc   0x0002a3bc   0x00000134   Code   RO         5105    i.init_execute      fds.o
    0x0002a4f0   0x0002a4f0   0x0000002c   Code   RO         1198    i.instance_get      ble_conn_params.o
    0x0002a51c   0x0002a51c   0x0000000c   Code   RO         1567    i.internal_state_reset  gatt_cache_manager.o
    0x0002a528   0x0002a528   0x00000018   Code   RO         1754    i.internal_state_reset  gatts_cache_manager.o
    0x0002a540   0x0002a540   0x00000020   Code   RO         2357    i.internal_state_reset  peer_database.o
    0x0002a560   0x0002a560   0x0000000e   Code   RO         2508    i.internal_state_reset  peer_id.o
    0x0002a56e   0x0002a56e   0x00000002   PAD
    0x0002a570   0x0002a570   0x00000018   Code   RO         2604    i.internal_state_reset  peer_manager.o
    0x0002a588   0x0002a588   0x00000014   Code   RO         6058    i.is_busy           nrf_fstorage_sd.o
    0x0002a59c   0x0002a59c   0x00000072   Code   RO         1199    i.is_conn_params_ok  ble_conn_params.o
    0x0002a60e   0x0002a60e   0x00000018   Code   RO         1861    i.is_valid_irk      id_manager.o
    0x0002a626   0x0002a626   0x00000010   Code   RO         5106    i.is_word_aligned   fds.o
    0x0002a636   0x0002a636   0x00000026   Code   RO         3169    i.key_is_lesc       security_manager.o
    0x0002a65c   0x0002a65c   0x00000026   Code   RO         3602    i.latch_pending_read_and_check  nrfx_gpiote.o
    0x0002a682   0x0002a682   0x00000002   PAD
    0x0002a684   0x0002a684   0x00000028   Code   RO          747    i.leds_off          bsp.o
    0x0002a6ac   0x0002a6ac   0x00000020   Code   RO          748    i.leds_timer_handler  bsp.o
    0x0002a6cc   0x0002a6cc   0x00000014   Code   RO         2011    i.link_init         nrf_ble_gatt.o
    0x0002a6e0   0x0002a6e0   0x000000bc   Code   RO         3170    i.link_secure       security_manager.o
    0x0002a79c   0x0002a79c   0x00000018   Code   RO         2987    i.link_secure_authenticate  security_dispatcher.o
    0x0002a7b4   0x0002a7b4   0x0000003c   Code   RO         2988    i.link_secure_failure  security_dispatcher.o
    0x0002a7f0   0x0002a7f0   0x0000003c   Code   RO         3171    i.link_secure_pending_handle  security_manager.o
    0x0002a82c   0x0002a82c   0x00000018   Code   RO         2989    i.link_secure_peripheral  security_dispatcher.o
    0x0002a844   0x0002a844   0x0000013c   Code   RO         4746    i.list_insertions_handler  app_timer.o
    0x0002a980   0x0002a980   0x00000080   Code   RO         1568    i.local_db_apply_in_evt  gatt_cache_manager.o
    0x0002aa00   0x0002aa00   0x00000018   Code   RO         1569    i.local_db_update   gatt_cache_manager.o
    0x0002aa18   0x0002aa18   0x00000064   Code   RO         1570    i.local_db_update_in_evt  gatt_cache_manager.o
    0x0002aa7c   0x0002aa7c   0x00000030   Code   RO           19    i.log_init          main.o
    0x0002aaac   0x0002aaac   0x00000048   Code   RO           20    i.main              main.o
    0x0002aaf4   0x0002aaf4   0x00000076   Code   RO          920    i.manuf_specific_data_encode  ble_advdata.o
    0x0002ab6a   0x0002ab6a   0x00000026   Code   RO         2920    i.mutex_lock        pm_buffer.o
    0x0002ab90   0x0002ab90   0x00000020   Code   RO         2921    i.mutex_lock_status_get  pm_buffer.o
    0x0002abb0   0x0002abb0   0x00000020   Code   RO         2922    i.mutex_unlock      pm_buffer.o
    0x0002abd0   0x0002abd0   0x000000c8   Code   RO          921    i.name_encode       ble_advdata.o
    0x0002ac98   0x0002ac98   0x00000020   Code   RO         3172    i.new_context_get   security_manager.o
    0x0002acb8   0x0002acb8   0x00000032   Code   RO         3173    i.new_evt           security_manager.o
    0x0002acea   0x0002acea   0x00000034   Code   RO         2509    i.next_id_get       peer_id.o
    0x0002ad1e   0x0002ad1e   0x00000002   PAD
    0x0002ad20   0x0002ad20   0x0000005c   Code   RO         7236    i.nrf52_errata_108  system_nrf52.o
    0x0002ad7c   0x0002ad7c   0x0000005c   Code   RO         7248    i.nrf52_errata_12   system_nrf52.o
    0x0002add8   0x0002add8   0x0000005c   Code   RO         7259    i.nrf52_errata_136  system_nrf52.o
    0x0002ae34   0x0002ae34   0x00000040   Code   RO         7278    i.nrf52_errata_16   system_nrf52.o
    0x0002ae74   0x0002ae74   0x00000040   Code   RO         7295    i.nrf52_errata_182  system_nrf52.o
    0x0002aeb4   0x0002aeb4   0x0000005c   Code   RO         7356    i.nrf52_errata_31   system_nrf52.o
    0x0002af10   0x0002af10   0x00000040   Code   RO         7357    i.nrf52_errata_32   system_nrf52.o
    0x0002af50   0x0002af50   0x0000005c   Code   RO         7361    i.nrf52_errata_36   system_nrf52.o
    0x0002afac   0x0002afac   0x00000040   Code   RO         7362    i.nrf52_errata_37   system_nrf52.o
    0x0002afec   0x0002afec   0x00000040   Code   RO         7378    i.nrf52_errata_57   system_nrf52.o
    0x0002b02c   0x0002b02c   0x0000005c   Code   RO         7384    i.nrf52_errata_66   system_nrf52.o
    0x0002b088   0x0002b088   0x00000016   Code   RO         5557    i.nrf_atfifo_clear  nrf_atfifo.o
    0x0002b09e   0x0002b09e   0x00000028   Code   RO         5559    i.nrf_atfifo_init   nrf_atfifo.o
    0x0002b0c6   0x0002b0c6   0x0000001c   Code   RO         5560    i.nrf_atfifo_item_alloc  nrf_atfifo.o
    0x0002b0e2   0x0002b0e2   0x0000001c   Code   RO         5561    i.nrf_atfifo_item_free  nrf_atfifo.o
    0x0002b0fe   0x0002b0fe   0x0000001c   Code   RO         5562    i.nrf_atfifo_item_get  nrf_atfifo.o
    0x0002b11a   0x0002b11a   0x0000001c   Code   RO         5563    i.nrf_atfifo_item_put  nrf_atfifo.o
    0x0002b136   0x0002b136   0x0000001e   Code   RO         5628    i.nrf_atflags_clear  nrf_atflags.o
    0x0002b154   0x0002b154   0x0000002e   Code   RO         5630    i.nrf_atflags_fetch_set  nrf_atflags.o
    0x0002b182   0x0002b182   0x00000060   Code   RO         5632    i.nrf_atflags_find_and_set_flag  nrf_atflags.o
    0x0002b1e2   0x0002b1e2   0x0000001e   Code   RO         5633    i.nrf_atflags_get   nrf_atflags.o
    0x0002b200   0x0002b200   0x0000001e   Code   RO         5635    i.nrf_atflags_set   nrf_atflags.o
    0x0002b21e   0x0002b21e   0x0000000e   Code   RO         5698    i.nrf_atomic_flag_set_fetch  nrf_atomic.o
    0x0002b22c   0x0002b22c   0x00000016   Code   RO         5699    i.nrf_atomic_u32_add  nrf_atomic.o
    0x0002b242   0x0002b242   0x00000016   Code   RO         5700    i.nrf_atomic_u32_and  nrf_atomic.o
    0x0002b258   0x0002b258   0x00000016   Code   RO         5702    i.nrf_atomic_u32_fetch_add  nrf_atomic.o
    0x0002b26e   0x0002b26e   0x00000016   Code   RO         5704    i.nrf_atomic_u32_fetch_or  nrf_atomic.o
    0x0002b284   0x0002b284   0x00000016   Code   RO         5705    i.nrf_atomic_u32_fetch_store  nrf_atomic.o
    0x0002b29a   0x0002b29a   0x00000016   Code   RO         5709    i.nrf_atomic_u32_or  nrf_atomic.o
    0x0002b2b0   0x0002b2b0   0x00000016   Code   RO         5711    i.nrf_atomic_u32_sub  nrf_atomic.o
    0x0002b2c6   0x0002b2c6   0x00000016   Code   RO         3603    i.nrf_bitmask_bit_is_set  nrfx_gpiote.o
    0x0002b2dc   0x0002b2dc   0x00000034   Code   RO         2017    i.nrf_ble_gatt_init  nrf_ble_gatt.o
    0x0002b310   0x0002b310   0x000000ae   Code   RO         2018    i.nrf_ble_gatt_on_ble_evt  nrf_ble_gatt.o
    0x0002b3be   0x0002b3be   0x00000020   Code   RO         2127    i.nrf_ble_qwr_conn_handle_assign  nrf_ble_qwr.o
    0x0002b3de   0x0002b3de   0x00000032   Code   RO         2128    i.nrf_ble_qwr_init  nrf_ble_qwr.o
    0x0002b410   0x0002b410   0x0000007c   Code   RO         2129    i.nrf_ble_qwr_on_ble_evt  nrf_ble_qwr.o
    0x0002b48c   0x0002b48c   0x00000012   Code   RO         3433    i.nrf_clock_event_check  nrfx_clock.o
    0x0002b49e   0x0002b49e   0x00000012   Code   RO         3434    i.nrf_clock_event_clear  nrfx_clock.o
    0x0002b4b0   0x0002b4b0   0x0000000c   Code   RO         3435    i.nrf_clock_int_disable  nrfx_clock.o
    0x0002b4bc   0x0002b4bc   0x0000006c   Code   RO         5970    i.nrf_fstorage_erase  nrf_fstorage.o
    0x0002b528   0x0002b528   0x0000002a   Code   RO         5971    i.nrf_fstorage_init  nrf_fstorage.o
    0x0002b552   0x0002b552   0x00000002   PAD
    0x0002b554   0x0002b554   0x0000001c   Code   RO         6059    i.nrf_fstorage_sdh_req_handler  nrf_fstorage_sd.o
    0x0002b570   0x0002b570   0x0000002c   Code   RO         6060    i.nrf_fstorage_sdh_state_handler  nrf_fstorage_sd.o
    0x0002b59c   0x0002b59c   0x0000008c   Code   RO         6061    i.nrf_fstorage_sys_evt_handler  nrf_fstorage_sd.o
    0x0002b628   0x0002b628   0x0000009c   Code   RO         5977    i.nrf_fstorage_write  nrf_fstorage.o
    0x0002b6c4   0x0002b6c4   0x00000028   Code   RO          631    i.nrf_gpio_cfg      boards.o
    0x0002b6ec   0x0002b6ec   0x00000028   Code   RO         3604    i.nrf_gpio_cfg      nrfx_gpiote.o
    0x0002b714   0x0002b714   0x00000032   Code   RO         3606    i.nrf_gpio_cfg_sense_set  nrfx_gpiote.o
    0x0002b746   0x0002b746   0x00000002   PAD
    0x0002b748   0x0002b748   0x00000034   Code   RO         3607    i.nrf_gpio_latches_read_and_clear  nrfx_gpiote.o
    0x0002b77c   0x0002b77c   0x00000022   Code   RO         3609    i.nrf_gpio_pin_present_check  nrfx_gpiote.o
    0x0002b79e   0x0002b79e   0x00000018   Code   RO         3610    i.nrf_gpio_pin_read  nrfx_gpiote.o
    0x0002b7b6   0x0002b7b6   0x0000003a   Code   RO          632    i.nrf_gpio_pin_write  boards.o
    0x0002b7f0   0x0002b7f0   0x0000000c   Code   RO         3612    i.nrf_gpiote_event_addr_get  nrfx_gpiote.o
    0x0002b7fc   0x0002b7fc   0x0000001c   Code   RO         3613    i.nrf_gpiote_event_clear  nrfx_gpiote.o
    0x0002b818   0x0002b818   0x00000016   Code   RO         3614    i.nrf_gpiote_event_is_set  nrfx_gpiote.o
    0x0002b82e   0x0002b82e   0x00000002   PAD
    0x0002b830   0x0002b830   0x0000000c   Code   RO         3615    i.nrf_gpiote_int_enable  nrfx_gpiote.o
    0x0002b83c   0x0002b83c   0x00000016   Code   RO         1571    i.nrf_mtx_unlock    gatt_cache_manager.o
    0x0002b852   0x0002b852   0x00000002   PAD
    0x0002b854   0x0002b854   0x00000040   Code   RO         6191    i.nrf_pwr_mgmt_init  nrf_pwr_mgmt.o
    0x0002b894   0x0002b894   0x00000068   Code   RO         6192    i.nrf_pwr_mgmt_run  nrf_pwr_mgmt.o
    0x0002b8fc   0x0002b8fc   0x00000028   Code   RO           21    i.nrf_qwr_error_handler  main.o
    0x0002b924   0x0002b924   0x00000018   Code   RO         7054    i.nrf_sdh_ble_app_ram_start_get  nrf_sdh_ble.o
    0x0002b93c   0x0002b93c   0x000000a2   Code   RO         7055    i.nrf_sdh_ble_default_cfg_set  nrf_sdh_ble.o
    0x0002b9de   0x0002b9de   0x00000002   PAD
    0x0002b9e0   0x0002b9e0   0x00000024   Code   RO         7056    i.nrf_sdh_ble_enable  nrf_sdh_ble.o
    0x0002ba04   0x0002ba04   0x000000b4   Code   RO         7057    i.nrf_sdh_ble_evts_poll  nrf_sdh_ble.o
    0x0002bab8   0x0002bab8   0x00000064   Code   RO         6933    i.nrf_sdh_disable_request  nrf_sdh.o
    0x0002bb1c   0x0002bb1c   0x00000084   Code   RO         6934    i.nrf_sdh_enable_request  nrf_sdh.o
    0x0002bba0   0x0002bba0   0x00000030   Code   RO         6935    i.nrf_sdh_evts_poll  nrf_sdh.o
    0x0002bbd0   0x0002bbd0   0x0000000c   Code   RO         6936    i.nrf_sdh_is_enabled  nrf_sdh.o
    0x0002bbdc   0x0002bbdc   0x00000028   Code   RO         6938    i.nrf_sdh_request_continue  nrf_sdh.o
    0x0002bc04   0x0002bc04   0x00000098   Code   RO         7110    i.nrf_sdh_soc_evts_poll  nrf_sdh_soc.o
    0x0002bc9c   0x0002bc9c   0x00000006   Code   RO         6941    i.nrf_section_iter_get  nrf_sdh.o
    0x0002bca2   0x0002bca2   0x00000014   Code   RO         6263    i.nrf_section_iter_init  nrf_section_iter.o
    0x0002bcb6   0x0002bcb6   0x0000002e   Code   RO         6264    i.nrf_section_iter_item_set  nrf_section_iter.o
    0x0002bce4   0x0002bce4   0x0000002e   Code   RO         6265    i.nrf_section_iter_next  nrf_section_iter.o
    0x0002bd12   0x0002bd12   0x00000002   PAD
    0x0002bd14   0x0002bd14   0x00000018   Code   RO         4747    i.nrfx_coredep_delay_us  app_timer.o
    0x0002bd2c   0x0002bd2c   0x00000008   Code   RO         3618    i.nrfx_get_irq_number  nrfx_gpiote.o
    0x0002bd34   0x0002bd34   0x000000ac   Code   RO         3624    i.nrfx_gpiote_in_event_enable  nrfx_gpiote.o
    0x0002bde0   0x0002bde0   0x000000f4   Code   RO         3626    i.nrfx_gpiote_in_init  nrfx_gpiote.o
    0x0002bed4   0x0002bed4   0x00000014   Code   RO         3627    i.nrfx_gpiote_in_is_set  nrfx_gpiote.o
    0x0002bee8   0x0002bee8   0x000000c8   Code   RO         3629    i.nrfx_gpiote_init  nrfx_gpiote.o
    0x0002bfb0   0x0002bfb0   0x00000014   Code   RO         3630    i.nrfx_gpiote_is_init  nrfx_gpiote.o
    0x0002bfc4   0x0002bfc4   0x00000014   Code   RO         7530    i.nvmc_config       system_nrf52.o
    0x0002bfd8   0x0002bfd8   0x00000010   Code   RO         7531    i.nvmc_wait         system_nrf52.o
    0x0002bfe8   0x0002bfe8   0x00000048   Code   RO           22    i.on_adv_evt        main.o
    0x0002c030   0x0002c030   0x00000040   Code   RO           23    i.on_conn_params_evt  main.o
    0x0002c070   0x0002c070   0x00000030   Code   RO         1200    i.on_conn_params_update  ble_conn_params.o
    0x0002c0a0   0x0002c0a0   0x00000070   Code   RO         1201    i.on_connect        ble_conn_params.o
    0x0002c110   0x0002c110   0x0000000e   Code   RO         1050    i.on_connected      ble_advertising.o
    0x0002c11e   0x0002c11e   0x00000066   Code   RO         2019    i.on_connected_evt  nrf_ble_gatt.o
    0x0002c184   0x0002c184   0x00000054   Code   RO         2020    i.on_data_length_update_evt  nrf_ble_gatt.o
    0x0002c1d8   0x0002c1d8   0x00000030   Code   RO         2021    i.on_data_length_update_request_evt  nrf_ble_gatt.o
    0x0002c208   0x0002c208   0x00000032   Code   RO         1202    i.on_disconnect     ble_conn_params.o
    0x0002c23a   0x0002c23a   0x00000032   Code   RO         1051    i.on_disconnected   ble_advertising.o
    0x0002c26c   0x0002c26c   0x00000014   Code   RO         2022    i.on_disconnected_evt  nrf_ble_gatt.o
    0x0002c280   0x0002c280   0x0000006c   Code   RO         2023    i.on_exchange_mtu_request_evt  nrf_ble_gatt.o
    0x0002c2ec   0x0002c2ec   0x00000064   Code   RO         2024    i.on_exchange_mtu_rsp_evt  nrf_ble_gatt.o
    0x0002c350   0x0002c350   0x00000024   Code   RO         6062    i.on_operation_failure  nrf_fstorage_sd.o
    0x0002c374   0x0002c374   0x00000060   Code   RO         6063    i.on_operation_success  nrf_fstorage_sd.o
    0x0002c3d4   0x0002c3d4   0x0000006a   Code   RO         2130    i.on_rw_authorize_request  nrf_ble_qwr.o
    0x0002c43e   0x0002c43e   0x00000040   Code   RO         1052    i.on_terminated     ble_advertising.o
    0x0002c47e   0x0002c47e   0x00000002   Code   RO         2131    i.on_user_mem_release  nrf_ble_qwr.o
    0x0002c480   0x0002c480   0x00000020   Code   RO         2132    i.on_user_mem_request  nrf_ble_qwr.o
    0x0002c4a0   0x0002c4a0   0x00000058   Code   RO         1203    i.on_write          ble_conn_params.o
    0x0002c4f8   0x0002c4f8   0x00000120   Code   RO          471    i.our_char_add_1    our_service.o
    0x0002c618   0x0002c618   0x00000120   Code   RO          472    i.our_char_add_2    our_service.o
    0x0002c738   0x0002c738   0x00000090   Code   RO          473    i.our_service_init_1  our_service.o
    0x0002c7c8   0x0002c7c8   0x00000034   Code   RO         5107    i.page_can_tag      fds.o
    0x0002c7fc   0x0002c7fc   0x00000048   Code   RO         5108    i.page_from_record  fds.o
    0x0002c844   0x0002c844   0x00000034   Code   RO         5109    i.page_has_space    fds.o
    0x0002c878   0x0002c878   0x00000030   Code   RO         5110    i.page_identify     fds.o
    0x0002c8a8   0x0002c8a8   0x0000001c   Code   RO         5111    i.page_offsets_update  fds.o
    0x0002c8c4   0x0002c8c4   0x00000078   Code   RO         5112    i.page_scan         fds.o
    0x0002c93c   0x0002c93c   0x00000020   Code   RO         5113    i.page_tag_write_data  fds.o
    0x0002c95c   0x0002c95c   0x00000024   Code   RO         5114    i.page_tag_write_swap  fds.o
    0x0002c980   0x0002c980   0x00000170   Code   RO         5115    i.pages_init        fds.o
    0x0002caf0   0x0002caf0   0x00000014   Code   RO         2990    i.pairing           security_dispatcher.o
    0x0002cb04   0x0002cb04   0x00000054   Code   RO         2991    i.pairing_failure   security_dispatcher.o
    0x0002cb58   0x0002cb58   0x00000034   Code   RO         2992    i.pairing_success_evt_send  security_dispatcher.o
    0x0002cb8c   0x0002cb8c   0x00000010   Code   RO         3174    i.params_reply_pending_handle  security_manager.o
    0x0002cb9c   0x0002cb9c   0x00000022   Code   RO         3175    i.params_req_send   security_manager.o
    0x0002cbbe   0x0002cbbe   0x00000002   PAD
    0x0002cbc0   0x0002cbc0   0x00000020   Code   RO         2358    i.pdb_evt_send      peer_database.o
    0x0002cbe0   0x0002cbe0   0x00000040   Code   RO         2359    i.pdb_init          peer_database.o
    0x0002cc20   0x0002cc20   0x0000006c   Code   RO         2360    i.pdb_pds_evt_handler  peer_database.o
    0x0002cc8c   0x0002cc8c   0x00000016   Code   RO         2361    i.pdb_peer_data_ptr_get  peer_database.o
    0x0002cca2   0x0002cca2   0x00000052   Code   RO         2362    i.pdb_peer_free     peer_database.o
    0x0002ccf4   0x0002ccf4   0x000000cc   Code   RO         2363    i.pdb_write_buf_get  peer_database.o
    0x0002cdc0   0x0002cdc0   0x00000020   Code   RO         2364    i.pdb_write_buf_release  peer_database.o
    0x0002cde0   0x0002cde0   0x00000044   Code   RO         2365    i.pdb_write_buf_store  peer_database.o
    0x0002ce24   0x0002ce24   0x00000024   Code   RO         2186    i.pds_evt_send      peer_data_storage.o
    0x0002ce48   0x0002ce48   0x00000038   Code   RO         2187    i.pds_init          peer_data_storage.o
    0x0002ce80   0x0002ce80   0x0000000c   Code   RO         2188    i.pds_next_deleted_peer_id_get  peer_data_storage.o
    0x0002ce8c   0x0002ce8c   0x0000000c   Code   RO         2189    i.pds_next_peer_id_get  peer_data_storage.o
    0x0002ce98   0x0002ce98   0x0000006c   Code   RO         2192    i.pds_peer_data_iterate  peer_data_storage.o
    0x0002cf04   0x0002cf04   0x00000010   Code   RO         2193    i.pds_peer_data_iterate_prepare  peer_data_storage.o
    0x0002cf14   0x0002cf14   0x0000009a   Code   RO         2194    i.pds_peer_data_read  peer_data_storage.o
    0x0002cfae   0x0002cfae   0x000000ae   Code   RO         2195    i.pds_peer_data_store  peer_data_storage.o
    0x0002d05c   0x0002d05c   0x0000000c   Code   RO         2196    i.pds_peer_id_allocate  peer_data_storage.o
    0x0002d068   0x0002d068   0x0000001e   Code   RO         2197    i.pds_peer_id_free  peer_data_storage.o
    0x0002d086   0x0002d086   0x0000000c   Code   RO         2198    i.pds_peer_id_is_allocated  peer_data_storage.o
    0x0002d092   0x0002d092   0x0000001c   Code   RO         2366    i.peer_data_const_point_to_buffer  peer_database.o
    0x0002d0ae   0x0002d0ae   0x00000002   PAD
    0x0002d0b0   0x0002d0b0   0x00000084   Code   RO         2200    i.peer_data_delete_process  peer_data_storage.o
    0x0002d134   0x0002d134   0x00000040   Code   RO         2201    i.peer_data_find    peer_data_storage.o
    0x0002d174   0x0002d174   0x00000026   Code   RO         2202    i.peer_data_id_is_valid  peer_data_storage.o
    0x0002d19a   0x0002d19a   0x0000000a   Code   RO         2203    i.peer_data_id_to_record_key  peer_data_storage.o
    0x0002d1a4   0x0002d1a4   0x0000001a   Code   RO         2367    i.peer_data_point_to_buffer  peer_database.o
    0x0002d1be   0x0002d1be   0x00000002   PAD
    0x0002d1c0   0x0002d1c0   0x00000014   Code   RO         2510    i.peer_id_allocate  peer_id.o
    0x0002d1d4   0x0002d1d4   0x0000002c   Code   RO         2511    i.peer_id_delete    peer_id.o
    0x0002d200   0x0002d200   0x0000001c   Code   RO         2512    i.peer_id_free      peer_id.o
    0x0002d21c   0x0002d21c   0x00000014   Code   RO         2513    i.peer_id_get_next_deleted  peer_id.o
    0x0002d230   0x0002d230   0x00000038   Code   RO         2514    i.peer_id_get_next_used  peer_id.o
    0x0002d268   0x0002d268   0x00000010   Code   RO         2515    i.peer_id_init      peer_id.o
    0x0002d278   0x0002d278   0x0000001c   Code   RO         2516    i.peer_id_is_allocated  peer_id.o
    0x0002d294   0x0002d294   0x0000001c   Code   RO         2517    i.peer_id_is_deleted  peer_id.o
    0x0002d2b0   0x0002d2b0   0x0000000a   Code   RO         2204    i.peer_id_to_file_id  peer_data_storage.o
    0x0002d2ba   0x0002d2ba   0x00000046   Code   RO         2205    i.peer_ids_load     peer_data_storage.o
    0x0002d300   0x0002d300   0x0000010c   Code   RO           25    i.peer_manager_init  main.o
    0x0002d40c   0x0002d40c   0x00000016   Code   RO         1053    i.phy_is_valid      ble_advertising.o
    0x0002d422   0x0002d422   0x00000002   PAD
    0x0002d424   0x0002d424   0x00000020   Code   RO         3648    i.pin_configured_set  nrfx_gpiote.o
    0x0002d444   0x0002d444   0x0000001c   Code   RO         3649    i.pin_in_use_by_gpiote  nrfx_gpiote.o
    0x0002d460   0x0002d460   0x00000018   Code   RO         3650    i.pin_in_use_by_port  nrfx_gpiote.o
    0x0002d478   0x0002d478   0x00000020   Code   RO         3651    i.pin_in_use_by_te  nrfx_gpiote.o
    0x0002d498   0x0002d498   0x0000000c   Code   RO         3652    i.pin_in_use_clear  nrfx_gpiote.o
    0x0002d4a4   0x0002d4a4   0x00000062   Code   RO         2923    i.pm_buffer_block_acquire  pm_buffer.o
    0x0002d506   0x0002d506   0x0000002a   Code   RO         2924    i.pm_buffer_init    pm_buffer.o
    0x0002d530   0x0002d530   0x00000030   Code   RO         2925    i.pm_buffer_ptr_get  pm_buffer.o
    0x0002d560   0x0002d560   0x00000028   Code   RO         2926    i.pm_buffer_release  pm_buffer.o
    0x0002d588   0x0002d588   0x00000012   Code   RO         2608    i.pm_conn_sec_config_reply  peer_manager.o
    0x0002d59a   0x0002d59a   0x00000002   PAD
    0x0002d59c   0x0002d59c   0x000000e8   Code   RO           27    i.pm_evt_handler    main.o
    0x0002d684   0x0002d684   0x0000000c   Code   RO         2613    i.pm_gcm_evt_handler  peer_manager.o
    0x0002d690   0x0002d690   0x0000000c   Code   RO         2614    i.pm_gscm_evt_handler  peer_manager.o
    0x0002d69c   0x0002d69c   0x0000000c   Code   RO         2617    i.pm_im_evt_handler  peer_manager.o
    0x0002d6a8   0x0002d6a8   0x00000068   Code   RO         2618    i.pm_init           peer_manager.o
    0x0002d710   0x0002d710   0x0000017c   Code   RO         2622    i.pm_pdb_evt_handler  peer_manager.o
    0x0002d88c   0x0002d88c   0x00000020   Code   RO         2633    i.pm_peer_delete    peer_manager.o
    0x0002d8ac   0x0002d8ac   0x000000dc   Code   RO         2638    i.pm_peer_ranks_get  peer_manager.o
    0x0002d988   0x0002d988   0x00000080   Code   RO         2639    i.pm_peers_delete   peer_manager.o
    0x0002da08   0x0002da08   0x00000040   Code   RO         2642    i.pm_register       peer_manager.o
    0x0002da48   0x0002da48   0x00000024   Code   RO         2644    i.pm_sec_params_set  peer_manager.o
    0x0002da6c   0x0002da6c   0x00000016   Code   RO         2645    i.pm_sm_evt_handler  peer_manager.o
    0x0002da82   0x0002da82   0x00000002   PAD
    0x0002da84   0x0002da84   0x000000c0   Code   RO         3653    i.port_event_handle  nrfx_gpiote.o
    0x0002db44   0x0002db44   0x00000010   Code   RO         3654    i.port_handler_pin_get  nrfx_gpiote.o
    0x0002db54   0x0002db54   0x00000010   Code   RO         3655    i.port_handler_polarity_get  nrfx_gpiote.o
    0x0002db64   0x0002db64   0x00000034   Code   RO           28    i.power_management_init  main.o
    0x0002db98   0x0002db98   0x00000020   Code   RO         5116    i.queue_buf_get     fds.o
    0x0002dbb8   0x0002dbb8   0x00000014   Code   RO         5117    i.queue_buf_store   fds.o
    0x0002dbcc   0x0002dbcc   0x00000014   Code   RO         5118    i.queue_free        fds.o
    0x0002dbe0   0x0002dbe0   0x00000018   Code   RO         6064    i.queue_free        nrf_fstorage_sd.o
    0x0002dbf8   0x0002dbf8   0x00000018   Code   RO         5119    i.queue_has_next    fds.o
    0x0002dc10   0x0002dc10   0x0000001c   Code   RO         5120    i.queue_init        fds.o
    0x0002dc2c   0x0002dc2c   0x00000014   Code   RO         5121    i.queue_load        fds.o
    0x0002dc40   0x0002dc40   0x0000002c   Code   RO         6065    i.queue_load_next   nrf_fstorage_sd.o
    0x0002dc6c   0x0002dc6c   0x000000c4   Code   RO         5122    i.queue_process     fds.o
    0x0002dd30   0x0002dd30   0x00000090   Code   RO         6066    i.queue_process     nrf_fstorage_sd.o
    0x0002ddc0   0x0002ddc0   0x00000018   Code   RO         5123    i.queue_start       fds.o
    0x0002ddd8   0x0002ddd8   0x0000001c   Code   RO         6067    i.queue_start       nrf_fstorage_sd.o
    0x0002ddf4   0x0002ddf4   0x00000040   Code   RO         2649    i.rank_vars_update  peer_manager.o
    0x0002de34   0x0002de34   0x0000001c   Code   RO         6068    i.read              nrf_fstorage_sd.o
    0x0002de50   0x0002de50   0x00000078   Code   RO         2368    i.reattempt_previous_operations  peer_database.o
    0x0002dec8   0x0002dec8   0x00000028   Code   RO         1316    i.record_activate   ble_conn_state.o
    0x0002def0   0x0002def0   0x00000094   Code   RO         5124    i.record_find       fds.o
    0x0002df84   0x0002df84   0x0000003c   Code   RO         5125    i.record_find_and_delete  fds.o
    0x0002dfc0   0x0002dfc0   0x0000007c   Code   RO         5126    i.record_find_by_desc  fds.o
    0x0002e03c   0x0002e03c   0x00000078   Code   RO         5127    i.record_find_next  fds.o
    0x0002e0b4   0x0002e0b4   0x00000040   Code   RO         5128    i.record_header_flag_dirty  fds.o
    0x0002e0f4   0x0002e0f4   0x0000002c   Code   RO         5129    i.record_header_write_begin  fds.o
    0x0002e120   0x0002e120   0x00000038   Code   RO         5130    i.record_header_write_finalize  fds.o
    0x0002e158   0x0002e158   0x00000038   Code   RO         5131    i.record_header_write_id  fds.o
    0x0002e190   0x0002e190   0x00000010   Code   RO         5132    i.record_id_new     fds.o
    0x0002e1a0   0x0002e1a0   0x00000020   Code   RO         1317    i.record_invalidate  ble_conn_state.o
    0x0002e1c0   0x0002e1c0   0x00000006   Code   RO         2206    i.record_key_to_peer_data_id  peer_data_storage.o
    0x0002e1c6   0x0002e1c6   0x00000018   Code   RO         2207    i.record_key_within_pm_range  peer_data_storage.o
    0x0002e1de   0x0002e1de   0x00000002   PAD
    0x0002e1e0   0x0002e1e0   0x00000048   Code   RO         1318    i.record_purge_disconnected  ble_conn_state.o
    0x0002e228   0x0002e228   0x00000014   Code   RO         1319    i.record_set_disconnected  ble_conn_state.o
    0x0002e23c   0x0002e23c   0x00000030   Code   RO         5133    i.record_write_data  fds.o
    0x0002e26c   0x0002e26c   0x00000014   Code   RO         2519    i.release           peer_id.o
    0x0002e280   0x0002e280   0x00000006   Code   RO         6069    i.rmap              nrf_fstorage_sd.o
    0x0002e286   0x0002e286   0x00000002   PAD
    0x0002e288   0x0002e288   0x0000000c   Code   RO         4748    i.rtc1_compare0_set  app_timer.o
    0x0002e294   0x0002e294   0x0000000c   Code   RO         4749    i.rtc1_counter_get  app_timer.o
    0x0002e2a0   0x0002e2a0   0x00000018   Code   RO         4750    i.rtc1_init         app_timer.o
    0x0002e2b8   0x0002e2b8   0x0000003c   Code   RO         4751    i.rtc1_start        app_timer.o
    0x0002e2f4   0x0002e2f4   0x00000058   Code   RO         4752    i.rtc1_stop         app_timer.o
    0x0002e34c   0x0002e34c   0x00000020   Code   RO         1572    i.sc_send_pending_handle  gatt_cache_manager.o
    0x0002e36c   0x0002e36c   0x00000098   Code   RO         6942    i.sd_nvic_EnableIRQ  nrf_sdh.o
    0x0002e404   0x0002e404   0x00000068   Code   RO         4963    i.sd_nvic_critical_region_enter  app_util_platform.o
    0x0002e46c   0x0002e46c   0x0000003c   Code   RO         6943    i.sdh_request_observer_notify  nrf_sdh.o
    0x0002e4a8   0x0002e4a8   0x00000034   Code   RO         6944    i.sdh_state_observer_notify  nrf_sdh.o
    0x0002e4dc   0x0002e4dc   0x000000b0   Code   RO         2993    i.sec_info_request_process  security_dispatcher.o
    0x0002e58c   0x0002e58c   0x00000074   Code   RO         2994    i.sec_keyset_fill   security_dispatcher.o
    0x0002e600   0x0002e600   0x00000030   Code   RO         2995    i.sec_params_request_process  security_dispatcher.o
    0x0002e630   0x0002e630   0x000000e8   Code   RO         3176    i.sec_params_verify  security_manager.o
    0x0002e718   0x0002e718   0x00000058   Code   RO         2996    i.sec_proc_start    security_dispatcher.o
    0x0002e770   0x0002e770   0x00000068   Code   RO         3177    i.sec_req_process   security_manager.o
    0x0002e7d8   0x0002e7d8   0x00000028   Code   RO         2997    i.sec_start_send    security_dispatcher.o
    0x0002e800   0x0002e800   0x00000022   Code   RO         2998    i.send_config_req   security_dispatcher.o
    0x0002e822   0x0002e822   0x00000002   PAD
    0x0002e824   0x0002e824   0x00000018   Code   RO         1204    i.send_error_evt    ble_conn_params.o
    0x0002e83c   0x0002e83c   0x00000028   Code   RO         2999    i.send_params_req   security_dispatcher.o
    0x0002e864   0x0002e864   0x00000024   Code   RO         3000    i.send_storage_full_evt  security_dispatcher.o
    0x0002e888   0x0002e888   0x00000028   Code   RO         1573    i.send_unexpected_error  gatt_cache_manager.o
    0x0002e8b0   0x0002e8b0   0x00000028   Code   RO         2208    i.send_unexpected_error  peer_data_storage.o
    0x0002e8d8   0x0002e8d8   0x00000028   Code   RO         3001    i.send_unexpected_error  security_dispatcher.o
    0x0002e900   0x0002e900   0x0000001e   Code   RO         3178    i.send_unexpected_error  security_manager.o
    0x0002e91e   0x0002e91e   0x00000024   Code   RO         1205    i.send_update_request  ble_conn_params.o
    0x0002e942   0x0002e942   0x00000002   PAD
    0x0002e944   0x0002e944   0x00000074   Code   RO         1574    i.service_changed_cccd  gatt_cache_manager.o
    0x0002e9b8   0x0002e9b8   0x00000020   Code   RO         1575    i.service_changed_needed  gatt_cache_manager.o
    0x0002e9d8   0x0002e9d8   0x00000018   Code   RO         1576    i.service_changed_pending_flags_check  gatt_cache_manager.o
    0x0002e9f0   0x0002e9f0   0x0000007c   Code   RO         1755    i.service_changed_pending_set  gatts_cache_manager.o
    0x0002ea6c   0x0002ea6c   0x000000bc   Code   RO         1577    i.service_changed_send_in_evt  gatt_cache_manager.o
    0x0002eb28   0x0002eb28   0x00000096   Code   RO          922    i.service_data_encode  ble_advdata.o
    0x0002ebbe   0x0002ebbe   0x00000002   PAD
    0x0002ebc0   0x0002ebc0   0x00000050   Code   RO           29    i.services_init     main.o
    0x0002ec10   0x0002ec10   0x00000030   Code   RO         1054    i.set_adv_mode_directed  ble_advertising.o
    0x0002ec40   0x0002ec40   0x00000024   Code   RO         1055    i.set_adv_mode_directed_high_duty  ble_advertising.o
    0x0002ec64   0x0002ec64   0x0000005c   Code   RO         1056    i.set_adv_mode_fast  ble_advertising.o
    0x0002ecc0   0x0002ecc0   0x0000005c   Code   RO         1057    i.set_adv_mode_slow  ble_advertising.o
    0x0002ed1c   0x0002ed1c   0x00000070   Code   RO           30    i.sleep_mode_enter  main.o
    0x0002ed8c   0x0002ed8c   0x00000034   Code   RO         3179    i.sm_ble_evt_handler  security_manager.o
    0x0002edc0   0x0002edc0   0x00000010   Code   RO         3180    i.sm_conn_sec_config_reply  security_manager.o
    0x0002edd0   0x0002edd0   0x0000009a   Code   RO         3181    i.sm_conn_sec_status_get  security_manager.o
    0x0002ee6a   0x0002ee6a   0x00000002   PAD
    0x0002ee6c   0x0002ee6c   0x00000044   Code   RO         3182    i.sm_init           security_manager.o
    0x0002eeb0   0x0002eeb0   0x00000058   Code   RO         3185    i.sm_pdb_evt_handler  security_manager.o
    0x0002ef08   0x0002ef08   0x00000030   Code   RO         3186    i.sm_sec_is_sufficient  security_manager.o
    0x0002ef38   0x0002ef38   0x00000048   Code   RO         3188    i.sm_sec_params_set  security_manager.o
    0x0002ef80   0x0002ef80   0x00000032   Code   RO         3189    i.sm_smd_evt_handler  security_manager.o
    0x0002efb2   0x0002efb2   0x0000004c   Code   RO         3002    i.smd_ble_evt_handler  security_dispatcher.o
    0x0002effe   0x0002effe   0x00000002   PAD
    0x0002f000   0x0002f000   0x00000018   Code   RO         3003    i.smd_conn_sec_config_reply  security_dispatcher.o
    0x0002f018   0x0002f018   0x0000005c   Code   RO         3004    i.smd_init          security_dispatcher.o
    0x0002f074   0x0002f074   0x00000028   Code   RO         3005    i.smd_link_secure   security_dispatcher.o
    0x0002f09c   0x0002f09c   0x000000c0   Code   RO         3006    i.smd_params_reply  security_dispatcher.o
    0x0002f15c   0x0002f15c   0x00000040   Code   RO         3190    i.smd_params_reply_perform  security_manager.o
    0x0002f19c   0x0002f19c   0x000000ac   Code   RO         6945    i.softdevice_evt_irq_disable  nrf_sdh.o
    0x0002f248   0x0002f248   0x00000060   Code   RO         6946    i.softdevices_evt_irq_enable  nrf_sdh.o
    0x0002f2a8   0x0002f2a8   0x00000026   Code   RO          854    i.startup_event_extract  bsp_btn_ble.o
    0x0002f2ce   0x0002f2ce   0x00000002   PAD
    0x0002f2d0   0x0002f2d0   0x00000020   Code   RO         4484    i.state_get         app_button.o
    0x0002f2f0   0x0002f2f0   0x00000048   Code   RO         4485    i.state_set         app_button.o
    0x0002f338   0x0002f338   0x0000004c   Code   RO         1578    i.store_car_value   gatt_cache_manager.o
    0x0002f384   0x0002f384   0x0000000a   Code   RO         4753    i.ticks_diff_get    app_timer.o
    0x0002f38e   0x0002f38e   0x0000000c   Code   RO         4754    i.timeout_handler_exec  app_timer.o
    0x0002f39a   0x0002f39a   0x00000002   PAD
    0x0002f39c   0x0002f39c   0x00000050   Code   RO         4755    i.timer_list_handler  app_timer.o
    0x0002f3ec   0x0002f3ec   0x0000000a   Code   RO         4756    i.timer_list_handler_sched  app_timer.o
    0x0002f3f6   0x0002f3f6   0x00000002   PAD
    0x0002f3f8   0x0002f3f8   0x00000068   Code   RO         4757    i.timer_list_insert  app_timer.o
    0x0002f460   0x0002f460   0x00000088   Code   RO         4758    i.timer_list_remove  app_timer.o
    0x0002f4e8   0x0002f4e8   0x00000020   Code   RO         4486    i.timer_start       app_button.o
    0x0002f508   0x0002f508   0x0000005e   Code   RO         4759    i.timer_start_op_schedule  app_timer.o
    0x0002f566   0x0002f566   0x00000042   Code   RO         4760    i.timer_stop_op_schedule  app_timer.o
    0x0002f5a8   0x0002f5a8   0x00000098   Code   RO         4761    i.timer_timeouts_check  app_timer.o
    0x0002f640   0x0002f640   0x0000000a   Code   RO         4762    i.timer_timeouts_check_sched  app_timer.o
    0x0002f64a   0x0002f64a   0x00000002   PAD
    0x0002f64c   0x0002f64c   0x00000034   Code   RO           31    i.timers_init       main.o
    0x0002f680   0x0002f680   0x00000036   Code   RO          923    i.tx_power_level_encode  ble_advdata.o
    0x0002f6b6   0x0002f6b6   0x0000000c   Code   RO         1494    i.uint16_decode     ble_srv_common.o
    0x0002f6c2   0x0002f6c2   0x0000000c   Code   RO          924    i.uint16_encode     ble_advdata.o
    0x0002f6ce   0x0002f6ce   0x00000002   PAD
    0x0002f6d0   0x0002f6d0   0x00000024   Code   RO         6070    i.uninit            nrf_fstorage_sd.o
    0x0002f6f4   0x0002f6f4   0x00000034   Code   RO         1579    i.update_pending_flags_check  gatt_cache_manager.o
    0x0002f728   0x0002f728   0x00000074   Code   RO         1206    i.update_timeout_handler  ble_conn_params.o
    0x0002f79c   0x0002f79c   0x0000001e   Code   RO         1058    i.use_whitelist     ble_advertising.o
    0x0002f7ba   0x0002f7ba   0x00000002   PAD
    0x0002f7bc   0x0002f7bc   0x00000014   Code   RO         1320    i.user_flag_is_acquired  ble_conn_state.o
    0x0002f7d0   0x0002f7d0   0x0000002c   Code   RO         2133    i.user_mem_reply    nrf_ble_qwr.o
    0x0002f7fc   0x0002f7fc   0x0000003c   Code   RO         4763    i.user_op_alloc     app_timer.o
    0x0002f838   0x0002f838   0x0000000c   Code   RO         4764    i.user_op_enque     app_timer.o
    0x0002f844   0x0002f844   0x0000001e   Code   RO         4487    i.usr_event         app_button.o
    0x0002f862   0x0002f862   0x0000004e   Code   RO          925    i.uuid_list_encode  ble_advdata.o
    0x0002f8b0   0x0002f8b0   0x000000d6   Code   RO          926    i.uuid_list_sized_encode  ble_advdata.o
    0x0002f986   0x0002f986   0x00000044   Code   RO          475    i.value_characteristic_update  our_service.o
    0x0002f9ca   0x0002f9ca   0x00000056   Code   RO          749    i.wakeup_button_cfg  bsp.o
    0x0002fa20   0x0002fa20   0x00000008   Code   RO         1059    i.whitelist_has_entries  ble_advertising.o
    0x0002fa28   0x0002fa28   0x00000006   Code   RO         6071    i.wmap              nrf_fstorage_sd.o
    0x0002fa2e   0x0002fa2e   0x00000002   PAD
    0x0002fa30   0x0002fa30   0x00000054   Code   RO         6072    i.write             nrf_fstorage_sd.o
    0x0002fa84   0x0002fa84   0x00000038   Code   RO         2369    i.write_buf_length_words_set  peer_database.o
    0x0002fabc   0x0002fabc   0x000000ac   Code   RO         2370    i.write_buf_store   peer_database.o
    0x0002fb68   0x0002fb68   0x00000042   Code   RO         2371    i.write_buf_store_in_event  peer_database.o
    0x0002fbaa   0x0002fbaa   0x00000024   Code   RO         2372    i.write_buffer_record_acquire  peer_database.o
    0x0002fbce   0x0002fbce   0x0000004c   Code   RO         2373    i.write_buffer_record_find  peer_database.o
    0x0002fc1a   0x0002fc1a   0x00000002   PAD
    0x0002fc1c   0x0002fc1c   0x00000034   Code   RO         2374    i.write_buffer_record_find_next  peer_database.o
    0x0002fc50   0x0002fc50   0x00000030   Code   RO         2375    i.write_buffer_record_find_stored  peer_database.o
    0x0002fc80   0x0002fc80   0x0000000e   Code   RO         2376    i.write_buffer_record_find_unused  peer_database.o
    0x0002fc8e   0x0002fc8e   0x00000024   Code   RO         2377    i.write_buffer_record_invalidate  peer_database.o
    0x0002fcb2   0x0002fcb2   0x00000002   PAD
    0x0002fcb4   0x0002fcb4   0x00000028   Code   RO         2378    i.write_buffer_record_release  peer_database.o
    0x0002fcdc   0x0002fcdc   0x000000e8   Code   RO         5135    i.write_enqueue     fds.o
    0x0002fdc4   0x0002fdc4   0x000000c8   Code   RO         5136    i.write_execute     fds.o
    0x0002fe8c   0x0002fe8c   0x00000058   Code   RO         6073    i.write_execute     nrf_fstorage_sd.o
    0x0002fee4   0x0002fee4   0x00000024   Code   RO         5137    i.write_space_free  fds.o
    0x0002ff08   0x0002ff08   0x0000007c   Code   RO         5138    i.write_space_reserve  fds.o
    0x0002ff84   0x0002ff84   0x00000020   Data   RO          476    .constdata          our_service.o
    0x0002ffa4   0x0002ffa4   0x00000008   Data   RO          633    .constdata          boards.o
    0x0002ffac   0x0002ffac   0x0000002c   Data   RO          751    .constdata          bsp.o
    0x0002ffd8   0x0002ffd8   0x0000006c   Data   RO         1580    .constdata          gatt_cache_manager.o
    0x00030044   0x00030044   0x00000018   Data   RO         1756    .constdata          gatts_cache_manager.o
    0x0003005c   0x0003005c   0x00000008   Data   RO         1864    .constdata          id_manager.o
    0x00030064   0x00030064   0x00000016   Data   RO         2025    .constdata          nrf_ble_gatt.o
    0x0003007a   0x0003007a   0x00000002   PAD
    0x0003007c   0x0003007c   0x00000018   Data   RO         2209    .constdata          peer_data_storage.o
    0x00030094   0x00030094   0x00000010   Data   RO         2380    .constdata          peer_database.o
    0x000300a4   0x000300a4   0x00000078   Data   RO         3008    .constdata          security_dispatcher.o
    0x0003011c   0x0003011c   0x00000005   Data   RO         3191    .constdata          security_manager.o
    0x00030121   0x00030121   0x00000003   PAD
    0x00030124   0x00030124   0x0000003e   Data   RO         3657    .constdata          nrfx_gpiote.o
    0x00030162   0x00030162   0x00000002   PAD
    0x00030164   0x00030164   0x00000007   Data   RO         4489    .constdata          app_button.o
    0x0003016b   0x0003016b   0x00000005   PAD
    0x00030170   0x00030170   0x00000006   Data   RO         4766    .constdata          app_timer.o
    0x00030176   0x00030176   0x00000002   PAD
    0x00030178   0x00030178   0x00000018   Data   RO         5140    .constdata          fds.o
    0x00030190   0x00030190   0x00000030   Data   RO         6075    .constdata          nrf_fstorage_sd.o
    0x000301c0   0x000301c0   0x00000024   Data   RO         6196    .constdata          nrf_pwr_mgmt.o
    0x000301e4   0x000301e4   0x00000058   Data   RO         6947    .constdata          nrf_sdh.o
    0x0003023c   0x0003023c   0x00000030   Data   RO         7059    .constdata          nrf_sdh_ble.o
    0x0003026c   0x0003026c   0x0000001c   Data   RO         7111    .constdata          nrf_sdh_soc.o
    0x00030288   0x00030288   0x00000020   Data   RO         9158    Region$$Table       anon$$obj.o
    0x000302a8   0x000302a8   0x00000008   Data   RO         1322    sdh_ble_observers0  ble_conn_state.o
    0x000302b0   0x000302b0   0x00000010   Data   RO           34    sdh_ble_observers1  main.o
    0x000302c0   0x000302c0   0x00000008   Data   RO          856    sdh_ble_observers1  bsp_btn_ble.o
    0x000302c8   0x000302c8   0x00000008   Data   RO         1209    sdh_ble_observers1  ble_conn_params.o
    0x000302d0   0x000302d0   0x00000008   Data   RO         2653    sdh_ble_observers1  peer_manager.o
    0x000302d8   0x000302d8   0x00000008   Data   RO           35    sdh_ble_observers2  main.o
    0x000302e0   0x000302e0   0x00000008   Data   RO           36    sdh_ble_observers3  main.o
    0x000302e8   0x000302e8   0x00000008   Data   RO         6077    sdh_req_observers0  nrf_fstorage_sd.o
    0x000302f0   0x000302f0   0x00000008   Data   RO         6078    sdh_soc_observers0  nrf_fstorage_sd.o
    0x000302f8   0x000302f8   0x00000008   Data   RO         7061    sdh_stack_observers0  nrf_sdh_ble.o
    0x00030300   0x00030300   0x00000008   Data   RO         7112    sdh_stack_observers0  nrf_sdh_soc.o
    0x00030308   0x00030308   0x00000008   Data   RO         6079    sdh_state_observers0  nrf_fstorage_sd.o


    Execution Region RW_IRAM1 (Exec base: 0x20002418, Load base: 0x00030310, Size: 0x00002c78, Max: 0x0000dbe8, ABSOLUTE, COMPRESSED[0x00000024])

    Exec Addr    Load Addr    Size         Type   Attr      Idx    E Section Name        Object

    0x20002418   COMPRESSED   0x00000006   Data   RW           33    .data               main.o
    0x2000241e   COMPRESSED   0x00000002   PAD
    0x20002420   COMPRESSED   0x00000015   Data   RW          752    .data               bsp.o
    0x20002435   COMPRESSED   0x00000003   PAD
    0x20002438   COMPRESSED   0x00000008   Data   RW          855    .data               bsp_btn_ble.o
    0x20002440   COMPRESSED   0x00000008   Data   RW         1208    .data               ble_conn_params.o
    0x20002448   COMPRESSED   0x00000013   Data   RW         1581    .data               gatt_cache_manager.o
    0x2000245b   COMPRESSED   0x00000001   PAD
    0x2000245c   COMPRESSED   0x0000000a   Data   RW         1757    .data               gatts_cache_manager.o
    0x20002466   COMPRESSED   0x00000002   PAD
    0x20002468   COMPRESSED   0x0000000c   Data   RW         2210    .data               peer_data_storage.o
    0x20002474   COMPRESSED   0x00000008   Data   RW         2381    .data               peer_database.o
    0x2000247c   COMPRESSED   0x0000000f   Data   RW         2652    .data               peer_manager.o
    0x2000248b   COMPRESSED   0x00000005   Data   RW         3009    .data               security_dispatcher.o
    0x20002490   COMPRESSED   0x00000018   Data   RW         3192    .data               security_manager.o
    0x200024a8   COMPRESSED   0x00000008   Data   RW         3454    .data               nrfx_clock.o
    0x200024b0   COMPRESSED   0x00000008   Data   RW         3969    .data               nrfx_prs.o
    0x200024b8   COMPRESSED   0x00000018   Data   RW         4490    .data               app_button.o
    0x200024d0   COMPRESSED   0x00000014   Data   RW         4767    .data               app_timer.o
    0x200024e4   COMPRESSED   0x00000030   Data   RW         5141    .data               fds.o
    0x20002514   COMPRESSED   0x00000008   Data   RW         6076    .data               nrf_fstorage_sd.o
    0x2000251c   COMPRESSED   0x00000009   Data   RW         6197    .data               nrf_pwr_mgmt.o
    0x20002525   COMPRESSED   0x00000003   Data   RW         6948    .data               nrf_sdh.o
    0x20002528   COMPRESSED   0x00000001   Data   RW         7060    .data               nrf_sdh_ble.o
    0x20002529   COMPRESSED   0x00000003   PAD
    0x2000252c   COMPRESSED   0x00000004   Data   RW         7532    .data               system_nrf52.o
    0x20002530   COMPRESSED   0x00000014   Data   RW         5142    fs_data             fds.o
    0x20002544        -       0x00000474   Zero   RW           32    .bss                main.o
    0x200029b8        -       0x0000006c   Zero   RW          750    .bss                bsp.o
    0x20002a24        -       0x00000050   Zero   RW         1207    .bss                ble_conn_params.o
    0x20002a74        -       0x0000007c   Zero   RW         1321    .bss                ble_conn_state.o
    0x20002af0        -       0x000000d8   Zero   RW         1863    .bss                id_manager.o
    0x20002bc8        -       0x000000c8   Zero   RW         2379    .bss                peer_database.o
    0x20002c90        -       0x00000040   Zero   RW         2520    .bss                peer_id.o
    0x20002cd0        -       0x0000000c   Zero   RW         2650    .bss                peer_manager.o
    0x20002cdc        -       0x00000040   Zero   RW         3007    .bss                security_dispatcher.o
    0x20002d1c        -       0x0000005c   Zero   RW         3656    .bss                nrfx_gpiote.o
    0x20002d78        -       0x00000030   Zero   RW         4488    .bss                app_button.o
    0x20002da8        -       0x00000020   Zero   RW         4578    .bss                app_error.o
    0x20002dc8        -       0x0000010c   Zero   RW         4765    .bss                app_timer.o
    0x20002ed4        -       0x0000000c   Zero   RW         4964    .bss                app_util_platform.o
    0x20002ee0        -       0x000000f0   Zero   RW         5139    .bss                fds.o
    0x20002fd0        -       0x000000b0   Zero   RW         6074    .bss                nrf_fstorage_sd.o
    0x20003080        -       0x0000000c   Zero   RW         6195    .bss                nrf_pwr_mgmt.o
    0x2000308c   COMPRESSED   0x00000004   PAD
    0x20003090        -       0x00002000   Zero   RW         7138    STACK               arm_startup_nrf52.o


==============================================================================

Image component sizes


      Code (inc. data)   RO Data    RW Data    ZI Data      Debug   Object Name

       838        102          7         24         48      18647   app_button.o
       136          4          0          0         32       3690   app_error.o
        26          0          0          0          0        616   app_error_handler_keil.o
        88          6          0          0          0       4974   app_error_weak.o
         0          0          0          0          0      37230   app_scheduler.o
      2072        240          6         20        268      55775   app_timer.o
       200         24          0          0         12      10990   app_util_platform.o
        36          8        512          0       8192        972   arm_startup_nrf52.o
      1770          0          0          0          0      56780   ble_advdata.o
      1464          6          0          0          0      20543   ble_advertising.o
       936         56          8          8         80      12699   ble_conn_params.o
       940        142          8          0        124      18390   ble_conn_state.o
        30          0          0          0          0      39452   ble_srv_common.o
       488         38          8          0          0      16023   boards.o
      1614        124         44         21        108      16823   bsp.o
       420         16          8          8          0      11284   bsp_btn_ble.o
      4886        470         24         68        240      66111   fds.o
      1858        194        108         19          0      37458   gatt_cache_manager.o
       672         44         24         10          0      17373   gatts_cache_manager.o
      1080         34          8          0        216      18038   id_manager.o
      2414        462         32          6       1140     190256   main.o
       374          0          0          0          0       7164   nrf_atfifo.o
       232          0          0          0          0       5320   nrf_atflags.o
       394          0          0          0          0       8605   nrf_atomic.o
       752         16         22          0          0      39486   nrf_ble_gatt.o
       390          0          0          0          0       6613   nrf_ble_qwr.o
       370          0          0          0          0       6457   nrf_fstorage.o
      1118        118         72          8        176      20331   nrf_fstorage_sd.o
       168         22         36          9         12      37565   nrf_pwr_mgmt.o
       934        208         88          3          0      42122   nrf_sdh.o
       402         82         56          1          0       6029   nrf_sdh_ble.o
       152         68         36          0          0       2728   nrf_sdh_soc.o
       112          0          0          0          0       3012   nrf_section_iter.o
       132         10          0          8          0       9745   nrfx_clock.o
      1726        124         62          0         92      69991   nrfx_gpiote.o
        16          6          0          8          0       2138   nrfx_prs.o
       788         98         32          0          0      50295   our_service.o
      1294         48         24         12          0      23169   peer_data_storage.o
      1414         68         16          8        200      23969   peer_database.o
       402         46          0          0         64      10455   peer_id.o
      1212        102          8         15         12      17730   peer_manager.o
       330          0          0          0          0       6915   pm_buffer.o
      1936        118        120          5         64      34234   security_dispatcher.o
      1622        124          5         24          0      57332   security_manager.o
      1548        160          0          4          0      39260   system_nrf52.o

    ----------------------------------------------------------------------
     39888       3388       1420        300      11084    1184789   Object Totals
         0          0         32          0          0          0   (incl. Generated)
       102          0         14         11          4          0   (incl. Padding)

    ----------------------------------------------------------------------

      Code (inc. data)   RO Data    RW Data    ZI Data      Debug   Library Member Name

        86          0          0          0          0          0   __dczerorl2.o
         0          0          0          0          0          0   entry.o
         0          0          0          0          0          0   entry10a.o
         0          0          0          0          0          0   entry11a.o
         8          4          0          0          0          0   entry2.o
         4          0          0          0          0          0   entry5.o
         0          0          0          0          0          0   entry7b.o
         0          0          0          0          0          0   entry8b.o
         8          4          0          0          0          0   entry9a.o
        30          0          0          0          0          0   handlers.o
        36          8          0          0          0         68   init.o
        30          0          0          0          0         68   llshl.o
        32          0          0          0          0         68   llushr.o
        26          0          0          0          0         80   memcmp.o
        36          0          0          0          0         68   memcpya.o
        36          0          0          0          0        108   memseta.o
        98          0          0          0          0         92   uldiv.o

    ----------------------------------------------------------------------
       436         16          0          0          0        552   Library Totals
         6          0          0          0          0          0   (incl. Padding)

    ----------------------------------------------------------------------

      Code (inc. data)   RO Data    RW Data    ZI Data      Debug   Library Name

       430         16          0          0          0        552   mc_w.l

    ----------------------------------------------------------------------
       436         16          0          0          0        552   Library Totals

    ----------------------------------------------------------------------

==============================================================================


      Code (inc. data)   RO Data    RW Data    ZI Data      Debug   

     40324       3404       1420        300      11084    1129017   Grand Totals
     40324       3404       1420         36      11084    1129017   ELF Image Totals (compressed)
     40324       3404       1420         36          0          0   ROM Totals

==============================================================================

    Total RO  Size (Code + RO Data)                41744 (  40.77kB)
    Total RW  Size (RW Data + ZI Data)             11384 (  11.12kB)
    Total ROM Size (Code + RO Data + RW Data)      41780 (  40.80kB)

==============================================================================

